Product: MDK-ARM Professional 5.10
Component: ARM Compiler 5.04 update 1 (build 49)
Tool: armlink [5040049]

==============================================================================

Section Cross References

    system_stm32f4xx.o(.text) refers to system_stm32f4xx.o(.data) for SystemCoreClock
    main.o(.text) refers to delay.o(.text) for delay_init
    main.o(.text) refers to usart.o(.text) for InitCom
    main.o(.text) refers to rt_memcpy_w.o(.text) for __aeabi_memcpy4
    main.o(.ARM.exidx) refers to main.o(.text) for .text
    startup_stm32f40_41xxx.o(STACK) refers (Special) to heapauxi.o(.text) for __use_two_region_memory
    startup_stm32f40_41xxx.o(HEAP) refers (Special) to heapauxi.o(.text) for __use_two_region_memory
    startup_stm32f40_41xxx.o(RESET) refers (Special) to heapauxi.o(.text) for __use_two_region_memory
    startup_stm32f40_41xxx.o(RESET) refers to startup_stm32f40_41xxx.o(STACK) for __initial_sp
    startup_stm32f40_41xxx.o(RESET) refers to startup_stm32f40_41xxx.o(.text) for Reset_Handler
    startup_stm32f40_41xxx.o(RESET) refers to stm32f4xx_it.o(.text) for NMI_Handler
    startup_stm32f40_41xxx.o(RESET) refers to os_cpu_a.o(CODE) for PendSV_Handler
    startup_stm32f40_41xxx.o(RESET) refers to delay.o(.text) for SysTick_Handler
    startup_stm32f40_41xxx.o(RESET) refers to usart.o(.text) for USART1_IRQHandler
    startup_stm32f40_41xxx.o(.text) refers (Special) to heapauxi.o(.text) for __use_two_region_memory
    startup_stm32f40_41xxx.o(.text) refers to system_stm32f4xx.o(.text) for SystemInit
    startup_stm32f40_41xxx.o(.text) refers to __main.o(!!!main) for __main
    startup_stm32f40_41xxx.o(.text) refers to startup_stm32f40_41xxx.o(HEAP) for Heap_Mem
    startup_stm32f40_41xxx.o(.text) refers to startup_stm32f40_41xxx.o(STACK) for Stack_Mem
    stm32f4xx_gpio.o(.text) refers to stm32f4xx_rcc.o(.text) for RCC_AHB1PeriphResetCmd
    stm32f4xx_rcc.o(.text) refers to stm32f4xx_rcc.o(.data) for APBAHBPrescTable
    stm32f4xx_syscfg.o(.text) refers to stm32f4xx_rcc.o(.text) for RCC_APB2PeriphResetCmd
    stm32f4xx_usart.o(.text) refers to stm32f4xx_rcc.o(.text) for RCC_APB2PeriphResetCmd
    delay.o(.text) refers to os_core.o(.text) for OSSchedLock
    delay.o(.text) refers to os_time.o(.text) for OSTimeDly
    delay.o(.text) refers to misc.o(.text) for SysTick_CLKSourceConfig
    delay.o(.text) refers to os_var.o(.data) for OSRunning
    delay.o(.text) refers to delay.o(.data) for fac_us
    delay.o(.text) refers to os_cfg_app.o(.constdata) for OSCfg_TickRate_Hz
    usart.o(.rev16_text) refers (Special) to use_no_semi_2.o(.text) for __use_no_semihosting
    usart.o(.revsh_text) refers (Special) to use_no_semi_2.o(.text) for __use_no_semihosting
    usart.o(.text) refers (Special) to use_no_semi_2.o(.text) for __use_no_semihosting
    usart.o(.text) refers to stm32f4xx_rcc.o(.text) for RCC_AHB1PeriphClockCmd
    usart.o(.text) refers to stm32f4xx_gpio.o(.text) for GPIO_PinAFConfig
    usart.o(.text) refers to stm32f4xx_usart.o(.text) for USART_Init
    usart.o(.text) refers to misc.o(.text) for NVIC_Init
    usart.o(.text) refers to buffer.o(.text) for BF_Init
    usart.o(.text) refers to strlen.o(.text) for strlen
    usart.o(.text) refers to usart.o(.bss) for Coms
    usart.o(.text) refers to usart.o(.data) for U1_Receive
    usart.o(.bss) refers (Special) to use_no_semi_2.o(.text) for __use_no_semihosting
    usart.o(.data) refers (Special) to use_no_semi_2.o(.text) for __use_no_semihosting
    bsp.o(.text) refers to stm32f4xx_rcc.o(.text) for RCC_GetClocksFreq
    bsp.o(.text) refers to cpu_core.o(.text) for CPU_TS_TmrFreqSet
    bsp.o(.text) refers to lludivv7m.o(.text) for __aeabi_uldivmod
    cpu_c.o(.text) refers to cpu_a.o(.text) for CPU_SR_Save
    cpu_core.o(.text) refers to cpu_a.o(.text) for CPU_SR_Save
    cpu_core.o(.text) refers to lib_mem.o(.text) for Mem_Clr
    cpu_core.o(.text) refers to bsp.o(.text) for CPU_TS_TmrInit
    cpu_core.o(.text) refers to lib_str.o(.text) for Str_Copy_N
    cpu_core.o(.text) refers to cpu_core.o(.bss) for CPU_Name
    cpu_core.o(.text) refers to cpu_core.o(.data) for CPU_TS_TmrFreq_Hz
    cpu_core.o(.text) refers to cpu_core.o(.constdata) for CPU_CntLeadZerosTbl
    lib_math.o(.text) refers to cpu_a.o(.text) for CPU_SR_Save
    lib_math.o(.text) refers to lib_math.o(.data) for Math_RandSeedCur
    lib_mem.o(.text) refers to lib_mem_a.o(.text) for Mem_Copy
    lib_mem.o(.text) refers to cpu_a.o(.text) for CPU_SR_Save
    lib_mem.o(.text) refers to lib_mem.o(.bss) for Mem_PoolHeap
    lib_mem.o(.text) refers to lib_mem.o(.data) for Mem_PoolTbl
    lib_str.o(.text) refers to lib_ascii.o(.text) for ASCII_ToLower
    lib_str.o(.text) refers to lib_str.o(.constdata) for Str_MultOvfThTbl_Int32U
    os_cfg_app.o(.text) refers to os_cfg_app.o(.constdata) for OSCfg_DataSizeRAM
    os_cfg_app.o(.constdata) refers to os_cfg_app.o(.bss) for OSCfg_IdleTaskStk
    os_core.o(.text) refers to cpu_a.o(.text) for CPU_SR_Save
[...]
    Stack_Mem                                0x20002690   Data        1024  startup_stm32f40_41xxx.o(STACK)
    __initial_sp                             0x20002a90   Data           0  startup_stm32f40_41xxx.o(STACK)

    Global Symbols

    Symbol Name                              Value     Ov Type        Size  Object(Section)

    BuildAttributes$$THM_ISAv4$E$P$D$K$B$S$7EM$VFPi3$EXTD16$VFPS$VFMA$PE$A:L22UL41UL21$X:L11$S22US41US21$IEEE1$IW$USESV6$~STKCKD$USESV7$~SHL$OSPACE$ROPI$EBA8$UX$STANDARDLIB$REQ8$PRES8$EABIv2 0x00000000   Number         0  anon$$obj.o ABSOLUTE
    __ARM_use_no_argv                        0x00000000   Number         0  main.o ABSOLUTE
    __ARM_exceptions_init                     - Undefined Weak Reference
    __alloca_initialize                       - Undefined Weak Reference
    __cpp_initialize__aeabi_                  - Undefined Weak Reference
    __cxa_finalize                            - Undefined Weak Reference
    __rt_locale                               - Undefined Weak Reference
    __sigvec_lookup                           - Undefined Weak Reference
    _atexit_init                              - Undefined Weak Reference
    _call_atexit_fns                          - Undefined Weak Reference
    _clock_init                               - Undefined Weak Reference
    _fp_trap_init                             - Undefined Weak Reference
    _fp_trap_shutdown                         - Undefined Weak Reference
    _get_lc_collate                           - Undefined Weak Reference
    _get_lc_ctype                             - Undefined Weak Reference
    _get_lc_monetary                          - Undefined Weak Reference
    _get_lc_numeric                           - Undefined Weak Reference
    _get_lc_time                              - Undefined Weak Reference
    _getenv_init                              - Undefined Weak Reference
    _handle_redirection                       - Undefined Weak Reference
    _init_alloc                               - Undefined Weak Reference
    _init_user_alloc                          - Undefined Weak Reference
    _initio                                   - Undefined Weak Reference
    _rand_init                                - Undefined Weak Reference
    _signal_finish                            - Undefined Weak Reference
    _signal_init                              - Undefined Weak Reference
    _terminate_alloc                          - Undefined Weak Reference
    _terminate_user_alloc                     - Undefined Weak Reference
    _terminateio                              - Undefined Weak Reference
    __Vectors_Size                           0x00000188   Number         0  startup_stm32f40_41xxx.o ABSOLUTE
    __Vectors                                0x08000000   Data           4  startup_stm32f40_41xxx.o(RESET)
    __Vectors_End                            0x08000188   Data           0  startup_stm32f40_41xxx.o(RESET)
    __main                                   0x08000189   Thumb Code     8  __main.o(!!!main)
    __scatterload                            0x08000191   Thumb Code     0  __scatter.o(!!!scatter)
    __scatterload_rt2                        0x08000191   Thumb Code    44  __scatter.o(!!!scatter)
    __scatterload_rt2_thumb_only             0x08000191   Thumb Code     0  __scatter.o(!!!scatter)
    __scatterload_null                       0x0800019f   Thumb Code     0  __scatter.o(!!!scatter)
    __scatterload_copy                       0x080001c5   Thumb Code    26  __scatter_copy.o(!!handler_copy)
    __scatterload_zeroinit                   0x080001e1   Thumb Code    28  __scatter_zi.o(!!handler_zi)
    __rt_lib_init                            0x080001fd   Thumb Code     0  libinit.o(.ARM.Collect$$libinit$$00000000)
    __rt_lib_init_fp_1                       0x080001ff   Thumb Code     0  libinit2.o(.ARM.Collect$$libinit$$00000001)
    __rt_lib_init_alloca_1                   0x08000203   Thumb Code     0  libinit2.o(.ARM.Collect$$libinit$$0000002C)
    __rt_lib_init_argv_1                     0x08000203   Thumb Code     0  libinit2.o(.ARM.Collect$$libinit$$0000002A)
    __rt_lib_init_atexit_1                   0x08000203   Thumb Code     0  libinit2.o(.ARM.Collect$$libinit$$00000019)
    __rt_lib_init_clock_1                    0x08000203   Thumb Code     0  libinit2.o(.ARM.Collect$$libinit$$0000001F)
    __rt_lib_init_cpp_1                      0x08000203   Thumb Code     0  libinit2.o(.ARM.Collect$$libinit$$00000030)
    __rt_lib_init_exceptions_1               0x08000203   Thumb Code     0  libinit2.o(.ARM.Collect$$libinit$$0000002E)
    __rt_lib_init_fp_trap_1                  0x08000203   Thumb Code     0  libinit2.o(.ARM.Collect$$libinit$$0000001D)
    __rt_lib_init_getenv_1                   0x08000203   Thumb Code     0  libinit2.o(.ARM.Collect$$libinit$$00000021)
    __rt_lib_init_heap_1                     0x08000203   Thumb Code     0  libinit2.o(.ARM.Collect$$libinit$$00000008)
    __rt_lib_init_lc_collate_1               0x08000203   Thumb Code     0  libinit2.o(.ARM.Collect$$libinit$$0000000F)
    __rt_lib_init_lc_ctype_1                 0x08000203   Thumb Code     0  libinit2.o(.ARM.Collect$$libinit$$00000011)
    __rt_lib_init_lc_monetary_1              0x08000203   Thumb Code     0  libinit2.o(.ARM.Collect$$libinit$$00000013)
    __rt_lib_init_lc_numeric_1               0x08000203   Thumb Code     0  libinit2.o(.ARM.Collect$$libinit$$00000015)
    __rt_lib_init_lc_time_1                  0x08000203   Thumb Code     0  libinit2.o(.ARM.Collect$$libinit$$00000017)
    __rt_lib_init_rand_1                     0x08000203   Thumb Code     0  libinit2.o(.ARM.Collect$$libinit$$0000000C)
    __rt_lib_init_return                     0x08000203   Thumb Code     0  libinit2.o(.ARM.Collect$$libinit$$00000031)
    __rt_lib_init_signal_1                   0x08000203   Thumb Code     0  libinit2.o(.ARM.Collect$$libinit$$0000001B)
    __rt_lib_init_stdio_1                    0x08000203   Thumb Code     0  libinit2.o(.ARM.Collect$$libinit$$00000023)
    __rt_lib_init_user_alloc_1               0x08000203   Thumb Code     0  libinit2.o(.ARM.Collect$$libinit$$0000000A)
    __rt_lib_shutdown                        0x08000205   Thumb Code     0  libshutdown.o(.ARM.Collect$$libshutdown$$00000000)
    __rt_lib_shutdown_fp_trap_1              0x08000207   Thumb Code     0  libshutdown2.o(.ARM.Collect$$libshutdown$$00000006)
    __rt_lib_shutdown_heap_1                 0x08000207   Thumb Code     0  libshutdown2.o(.ARM.Collect$$libshutdown$$0000000E)
    __rt_lib_shutdown_return                 0x08000207   Thumb Code     0  libshutdown2.o(.ARM.Collect$$libshutdown$$0000000F)
    __rt_lib_shutdown_signal_1               0x08000207   Thumb Code     0  libshutdown2.o(.ARM.Collect$$libshutdown$$00000009)
    __rt_lib_shutdown_stdio_1                0x08000207   Thumb Code     0  libshutdown2.o(.ARM.Collect$$libshutdown$$00000003)
    __rt_lib_shutdown_user_alloc_1           0x08000207   Thumb Code     0  libshutdown2.o(.ARM.Collect$$libshutdown$$0000000B)
    __rt_entry                               0x08000209   Thumb Code     0  rtentry.o(.ARM.Collect$$rtentry$$00000000)
    __rt_entry_presh_1                       0x08000209   Thumb Code     0  rtentry2.o(.ARM.Collect$$rtentry$$00000002)
    __rt_entry_sh                            0x08000209   Thumb Code     0  rtentry4.o(.ARM.Collect$$rtentry$$00000004)
    __rt_entry_li                            0x0800020f   Thumb Code     0  rtentry2.o(.ARM.Collect$$rtentry$$0000000A)
    __rt_entry_postsh_1                      0x0800020f   Thumb Code     0  rtentry2.o(.ARM.Collect$$rtentry$$00000009)
    __rt_entry_main                          0x08000213   Thumb Code     0  rtentry2.o(.ARM.Collect$$rtentry$$0000000D)
    __rt_entry_postli_1                      0x08000213   Thumb Code     0  rtentry2.o(.ARM.Collect$$rtentry$$0000000C)
    __rt_exit                                0x0800021b   Thumb Code     0  rtexit.o(.ARM.Collect$$rtexit$$00000000)
    __rt_exit_ls                             0x0800021d   Thumb Code     0  rtexit2.o(.ARM.Collect$$rtexit$$00000003)
    __rt_exit_prels_1                        0x0800021d   Thumb Code     0  rtexit2.o(.ARM.Collect$$rtexit$$00000002)
    __rt_exit_exit                           0x08000221   Thumb Code     0  rtexit2.o(.ARM.Collect$$rtexit$$00000004)
    NMI_Handler                              0x08000227   Thumb Code     2  stm32f4xx_it.o(.text)
    HardFault_Handler                        0x08000229   Thumb Code     4  stm32f4xx_it.o(.text)
    MemManage_Handler                        0x0800022d   Thumb Code     4  stm32f4xx_it.o(.text)
    BusFault_Handler                         0x08000231   Thumb Code     4  stm32f4xx_it.o(.text)
    UsageFault_Handler                       0x08000235   Thumb Code     4  stm32f4xx_it.o(.text)
    SVC_Handler                              0x08000239   Thumb Code     2  stm32f4xx_it.o(.text)
    DebugMon_Handler                         0x0800023b   Thumb Code     2  stm32f4xx_it.o(.text)
    SystemInit                               0x08000319   Thumb Code    88  system_stm32f4xx.o(.text)
    SystemCoreClockUpdate                    0x08000371   Thumb Code   174  system_stm32f4xx.o(.text)
    main                                     0x0800044d   Thumb Code    44  main.o(.text)
    BF_Init                                  0x08000499   Thumb Code    12  buffer.o(.text)
    BF_Empty                                 0x080004a5   Thumb Code    20  buffer.o(.text)
    BF_Full                                  0x080004b9   Thumb Code    36  buffer.o(.text)
    BF_ReadByte                              0x080004dd   Thumb Code    52  buffer.o(.text)
    BF_WriteByte                             0x08000511   Thumb Code    50  buffer.o(.text)
    BF_SizeGet                               0x08000543   Thumb Code    26  buffer.o(.text)
    BF_Read                                  0x0800055d   Thumb Code    48  buffer.o(.text)
    BF_Write                                 0x0800058d   Thumb Code    36  buffer.o(.text)
    Reset_Handler                            0x080005b1   Thumb Code     8  startup_stm32f40_41xxx.o(.text)
    ADC_IRQHandler                           0x080005cb   Thumb Code     0  startup_stm32f40_41xxx.o(.text)
    CAN1_RX0_IRQHandler                      0x080005cb   Thumb Code     0  startup_stm32f40_41xxx.o(.text)
    CAN1_RX1_IRQHandler                      0x080005cb   Thumb Code     0  startup_stm32f40_41xxx.o(.text)
    CAN1_SCE_IRQHandler                      0x080005cb   Thumb Code     0  startup_stm32f40_41xxx.o(.text)
    CAN1_TX_IRQHandler                       0x080005cb   Thumb Code     0  startup_stm32f40_41xxx.o(.text)
    CAN2_RX0_IRQHandler                      0x080005cb   Thumb Code     0  startup_stm32f40_41xxx.o(.text)
    CAN2_RX1_IRQHandler                      0x080005cb   Thumb Code     0  startup_stm32f40_41xxx.o(.text)
    CAN2_SCE_IRQHandler                      0x080005cb   Thumb Code     0  startup_stm32f40_41xxx.o(.text)
    CAN2_TX_IRQHandler                       0x080005cb   Thumb Code     0  startup_stm32f40_41xxx.o(.text)
    CRYP_IRQHandler                          0x080005cb   Thumb Code     0  startup_stm32f40_41xxx.o(.text)
    DCMI_IRQHandler                          0x080005cb   Thumb Code     0  startup_stm32f40_41xxx.o(.text)
    DMA1_Stream0_IRQHandler                  0x080005cb   Thumb Code     0  startup_stm32f40_41xxx.o(.text)
    DMA1_Stream1_IRQHandler                  0x080005cb   Thumb Code     0  startup_stm32f40_41xxx.o(.text)
    DMA1_Stream2_IRQHandler                  0x080005cb   Thumb Code     0  startup_stm32f40_41xxx.o(.text)
    DMA1_Stream3_IRQHandler                  0x080005cb   Thumb Code     0  startup_stm32f40_41xxx.o(.text)
    DMA1_Stream4_IRQHandler                  0x080005cb   Thumb Code     0  startup_stm32f40_41xxx.o(.text)
    DMA1_Stream5_IRQHandler                  0x080005cb   Thumb Code     0  startup_stm32f40_41xxx.o(.text)
    DMA1_Stream6_IRQHandler                  0x080005cb   Thumb Code     0  startup_stm32f40_41xxx.o(.text)
    DMA1_Stream7_IRQHandler                  0x080005cb   Thumb Code     0  startup_stm32f40_41xxx.o(.text)
    DMA2_Stream0_IRQHandler                  0x080005cb   Thumb Code     0  startup_stm32f40_41xxx.o(.text)
    DMA2_Stream1_IRQHandler                  0x080005cb   Thumb Code     0  startup_stm32f40_41xxx.o(.text)
    DMA2_Stream2_IRQHandler                  0x080005cb   Thumb Code     0  startup_stm32f40_41xxx.o(.text)
    DMA2_Stream3_IRQHandler                  0x080005cb   Thumb Code     0  startup_stm32f40_41xxx.o(.text)
    DMA2_Stream4_IRQHandler                  0x080005cb   Thumb Code     0  startup_stm32f40_41xxx.o(.text)
    DMA2_Stream5_IRQHandler                  0x080005cb   Thumb Code     0  startup_stm32f40_41xxx.o(.text)
    DMA2_Stream6_IRQHandler                  0x080005cb   Thumb Code     0  startup_stm32f40_41xxx.o(.text)
    DMA2_Stream7_IRQHandler                  0x080005cb   Thumb Code     0  startup_stm32f40_41xxx.o(.text)
    ETH_IRQHandler                           0x080005cb   Thumb Code     0  startup_stm32f40_41xxx.o(.text)
    ETH_WKUP_IRQHandler                      0x080005cb   Thumb Code     0  startup_stm32f40_41xxx.o(.text)
    EXTI0_IRQHandler                         0x080005cb   Thumb Code     0  startup_stm32f40_41xxx.o(.text)
    EXTI15_10_IRQHandler                     0x080005cb   Thumb Code     0  startup_stm32f40_41xxx.o(.text)
    EXTI1_IRQHandler                         0x080005cb   Thumb Code     0  startup_stm32f40_41xxx.o(.text)
    EXTI2_IRQHandler                         0x080005cb   Thumb Code     0  startup_stm32f40_41xxx.o(.text)
    EXTI3_IRQHandler                         0x080005cb   Thumb Code     0  startup_stm32f40_41xxx.o(.text)
    EXTI4_IRQHandler                         0x080005cb   Thumb Code     0  startup_stm32f40_41xxx.o(.text)
    EXTI9_5_IRQHandler                       0x080005cb   Thumb Code     0  startup_stm32f40_41xxx.o(.text)
    FLASH_IRQHandler                         0x080005cb   Thumb Code     0  startup_stm32f40_41xxx.o(.text)
    FPU_IRQHandler                           0x080005cb   Thumb Code     0  startup_stm32f40_41xxx.o(.text)
    FSMC_IRQHandler                          0x080005cb   Thumb Code     0  startup_stm32f40_41xxx.o(.text)
    HASH_RNG_IRQHandler                      0x080005cb   Thumb Code     0  startup_stm32f40_41xxx.o(.text)
    I2C1_ER_IRQHandler                       0x080005cb   Thumb Code     0  startup_stm32f40_41xxx.o(.text)
    I2C1_EV_IRQHandler                       0x080005cb   Thumb Code     0  startup_stm32f40_41xxx.o(.text)
    I2C2_ER_IRQHandler                       0x080005cb   Thumb Code     0  startup_stm32f40_41xxx.o(.text)
    I2C2_EV_IRQHandler                       0x080005cb   Thumb Code     0  startup_stm32f40_41xxx.o(.text)
    I2C3_ER_IRQHandler                       0x080005cb   Thumb Code     0  startup_stm32f40_41xxx.o(.text)
    I2C3_EV_IRQHandler                       0x080005cb   Thumb Code     0  startup_stm32f40_41xxx.o(.text)
    OTG_FS_IRQHandler                        0x080005cb   Thumb Code     0  startup_stm32f40_41xxx.o(.text)
    OTG_FS_WKUP_IRQHandler                   0x080005cb   Thumb Code     0  startup_stm32f40_41xxx.o(.text)
    OTG_HS_EP1_IN_IRQHandler                 0x080005cb   Thumb Code     0  startup_stm32f40_41xxx.o(.text)
    OTG_HS_EP1_OUT_IRQHandler                0x080005cb   Thumb Code     0  startup_stm32f40_41xxx.o(.text)
    OTG_HS_IRQHandler                        0x080005cb   Thumb Code     0  startup_stm32f40_41xxx.o(.text)
    OTG_HS_WKUP_IRQHandler                   0x080005cb   Thumb Code     0  startup_stm32f40_41xxx.o(.text)
    PVD_IRQHandler                           0x080005cb   Thumb Code     0  startup_stm32f40_41xxx.o(.text)
    RCC_IRQHandler                           0x080005cb   Thumb Code     0  startup_stm32f40_41xxx.o(.text)
    RTC_Alarm_IRQHandler                     0x080005cb   Thumb Code     0  startup_stm32f40_41xxx.o(.text)
    RTC_WKUP_IRQHandler                      0x080005cb   Thumb Code     0  startup_stm32f40_41xxx.o(.text)
    SDIO_IRQHandler                          0x080005cb   Thumb Code     0  startup_stm32f40_41xxx.o(.text)
    SPI1_IRQHandler                          0x080005cb   Thumb Code     0  startup_stm32f40_41xxx.o(.text)
    SPI2_IRQHandler                          0x080005cb   Thumb Code     0  startup_stm32f40_41xxx.o(.text)
    SPI3_IRQHandler                          0x080005cb   Thumb Code     0  startup_stm32f40_41xxx.o(.text)
    TAMP_STAMP_IRQHandler                    0x080005cb   Thumb Code     0  startup_stm32f40_41xxx.o(.text)
    TIM1_BRK_TIM9_IRQHandler                 0x080005cb   Thumb Code     0  startup_stm32f40_41xxx.o(.text)
    TIM1_CC_IRQHandler                       0x080005cb   Thumb Code     0  startup_stm32f40_41xxx.o(.text)
    TIM1_TRG_COM_TIM11_IRQHandler            0x080005cb   Thumb Code     0  startup_stm32f40_41xxx.o(.text)
    TIM1_UP_TIM10_IRQHandler                 0x080005cb   Thumb Code     0  startup_stm32f40_41xxx.o(.text)
    TIM2_IRQHandler                          0x080005cb   Thumb Code     0  startup_stm32f40_41xxx.o(.text)
    TIM3_IRQHandler                          0x080005cb   Thumb Code     0  startup_stm32f40_41xxx.o(.text)
    TIM4_IRQHandler                          0x080005cb   Thumb Code     0  startup_stm32f40_41xxx.o(.text)
    TIM5_IRQHandler                          0x080005cb   Thumb Code     0  startup_stm32f40_41xxx.o(.text)
    TIM6_DAC_IRQHandler                      0x080005cb   Thumb Code     0  startup_stm32f40_41xxx.o(.text)
    TIM7_IRQHandler                          0x080005cb   Thumb Code     0  startup_stm32f40_41xxx.o(.text)
    TIM8_BRK_TIM12_IRQHandler                0x080005cb   Thumb Code     0  startup_stm32f40_41xxx.o(.text)
    TIM8_CC_IRQHandler                       0x080005cb   Thumb Code     0  startup_stm32f40_41xxx.o(.text)
    TIM8_TRG_COM_TIM14_IRQHandler            0x080005cb   Thumb Code     0  startup_stm32f40_41xxx.o(.text)
    TIM8_UP_TIM13_IRQHandler                 0x080005cb   Thumb Code     0  startup_stm32f40_41xxx.o(.text)
    UART4_IRQHandler                         0x080005cb   Thumb Code     0  startup_stm32f40_41xxx.o(.text)
    UART5_IRQHandler                         0x080005cb   Thumb Code     0  startup_stm32f40_41xxx.o(.text)
    USART2_IRQHandler                        0x080005cb   Thumb Code     0  startup_stm32f40_41xxx.o(.text)
    WWDG_IRQHandler                          0x080005cb   Thumb Code     0  startup_stm32f40_41xxx.o(.text)
    __user_initial_stackheap                 0x080005cd   Thumb Code     0  startup_stm32f40_41xxx.o(.text)
    NVIC_PriorityGroupConfig                 0x080005f1   Thumb Code    10  misc.o(.text)
    NVIC_Init                                0x080005fb   Thumb Code   106  misc.o(.text)
    NVIC_SetVectorTable                      0x08000665   Thumb Code    14  misc.o(.text)
    NVIC_SystemLPConfig                      0x08000673   Thumb Code    34  misc.o(.text)
    SysTick_CLKSourceConfig                  0x08000695   Thumb Code    40  misc.o(.text)
    GPIO_DeInit                              0x080006d1   Thumb Code   268  stm32f4xx_gpio.o(.text)
    GPIO_Init                                0x080007dd   Thumb Code   144  stm32f4xx_gpio.o(.text)
    GPIO_StructInit                          0x0800086d   Thumb Code    18  stm32f4xx_gpio.o(.text)
    GPIO_PinLockConfig                       0x0800087f   Thumb Code    34  stm32f4xx_gpio.o(.text)
    GPIO_ReadInputDataBit                    0x080008a1   Thumb Code    18  stm32f4xx_gpio.o(.text)
    GPIO_ReadInputData                       0x080008b3   Thumb Code     8  stm32f4xx_gpio.o(.text)
    GPIO_ReadOutputDataBit                   0x080008bb   Thumb Code    18  stm32f4xx_gpio.o(.text)
    GPIO_ReadOutputData                      0x080008cd   Thumb Code     8  stm32f4xx_gpio.o(.text)
    GPIO_SetBits                             0x080008d5   Thumb Code     4  stm32f4xx_gpio.o(.text)
    GPIO_ResetBits                           0x080008d9   Thumb Code     4  stm32f4xx_gpio.o(.text)
    GPIO_WriteBit                            0x080008dd   Thumb Code    10  stm32f4xx_gpio.o(.text)
    GPIO_Write                               0x080008e7   Thumb Code     4  stm32f4xx_gpio.o(.text)
    GPIO_ToggleBits                          0x080008eb   Thumb Code     8  stm32f4xx_gpio.o(.text)
    GPIO_PinAFConfig                         0x080008f3   Thumb Code    70  stm32f4xx_gpio.o(.text)
    RCC_DeInit                               0x08000965   Thumb Code    82  stm32f4xx_rcc.o(.text)
    RCC_HSEConfig                            0x080009b7   Thumb Code    14  stm32f4xx_rcc.o(.text)
    RCC_GetFlagStatus                        0x080009c5   Thumb Code    60  stm32f4xx_rcc.o(.text)
    RCC_WaitForHSEStartUp                    0x08000a01   Thumb Code    56  stm32f4xx_rcc.o(.text)
    RCC_AdjustHSICalibrationValue            0x08000a39   Thumb Code    20  stm32f4xx_rcc.o(.text)
    RCC_HSICmd                               0x08000a4d   Thumb Code     6  stm32f4xx_rcc.o(.text)
    RCC_LSEConfig                            0x08000a53   Thumb Code    46  stm32f4xx_rcc.o(.text)
    RCC_LSICmd                               0x08000a81   Thumb Code     6  stm32f4xx_rcc.o(.text)
    RCC_PLLConfig                            0x08000a87   Thumb Code    32  stm32f4xx_rcc.o(.text)
    RCC_PLLCmd                               0x08000aa7   Thumb Code     6  stm32f4xx_rcc.o(.text)
    RCC_PLLI2SConfig                         0x08000aad   Thumb Code    14  stm32f4xx_rcc.o(.text)
    RCC_PLLI2SCmd                            0x08000abb   Thumb Code     6  stm32f4xx_rcc.o(.text)
    RCC_PLLSAIConfig                         0x08000ac1   Thumb Code    20  stm32f4xx_rcc.o(.text)
    RCC_PLLSAICmd                            0x08000ad5   Thumb Code     6  stm32f4xx_rcc.o(.text)
    RCC_ClockSecuritySystemCmd               0x08000adb   Thumb Code     6  stm32f4xx_rcc.o(.text)
    RCC_MCO1Config                           0x08000ae1   Thumb Code    28  stm32f4xx_rcc.o(.text)
    RCC_MCO2Config                           0x08000afd   Thumb Code    28  stm32f4xx_rcc.o(.text)
    RCC_SYSCLKConfig                         0x08000b19   Thumb Code    20  stm32f4xx_rcc.o(.text)
    RCC_GetSYSCLKSource                      0x08000b2d   Thumb Code    12  stm32f4xx_rcc.o(.text)
    RCC_HCLKConfig                           0x08000b39   Thumb Code    20  stm32f4xx_rcc.o(.text)
    RCC_PCLK1Config                          0x08000b4d   Thumb Code    20  stm32f4xx_rcc.o(.text)
    RCC_PCLK2Config                          0x08000b61   Thumb Code    22  stm32f4xx_rcc.o(.text)
    RCC_GetClocksFreq                        0x08000b77   Thumb Code   222  stm32f4xx_rcc.o(.text)
    RCC_RTCCLKConfig                         0x08000c55   Thumb Code    54  stm32f4xx_rcc.o(.text)
    RCC_RTCCLKCmd                            0x08000c8b   Thumb Code     8  stm32f4xx_rcc.o(.text)
    RCC_BackupResetCmd                       0x08000c93   Thumb Code     8  stm32f4xx_rcc.o(.text)
    RCC_I2SCLKConfig                         0x08000c9b   Thumb Code     6  stm32f4xx_rcc.o(.text)
    RCC_SAIPLLI2SClkDivConfig                0x08000ca1   Thumb Code    26  stm32f4xx_rcc.o(.text)
    RCC_SAIPLLSAIClkDivConfig                0x08000cbb   Thumb Code    28  stm32f4xx_rcc.o(.text)
    RCC_SAIBlockACLKConfig                   0x08000cd7   Thumb Code    20  stm32f4xx_rcc.o(.text)
    RCC_SAIBlockBCLKConfig                   0x08000ceb   Thumb Code    20  stm32f4xx_rcc.o(.text)
    RCC_LTDCCLKDivConfig                     0x08000cff   Thumb Code    20  stm32f4xx_rcc.o(.text)
    RCC_TIMCLKPresConfig                     0x08000d13   Thumb Code     6  stm32f4xx_rcc.o(.text)
    RCC_AHB1PeriphClockCmd                   0x08000d19   Thumb Code    34  stm32f4xx_rcc.o(.text)
    RCC_AHB2PeriphClockCmd                   0x08000d3b   Thumb Code    78  stm32f4xx_rcc.o(.text)
    RCC_AHB3PeriphClockCmd                   0x08000d89   Thumb Code    34  stm32f4xx_rcc.o(.text)
    RCC_APB1PeriphClockCmd                   0x08000dab   Thumb Code    34  stm32f4xx_rcc.o(.text)
    RCC_APB2PeriphClockCmd                   0x08000dcd   Thumb Code    34  stm32f4xx_rcc.o(.text)
    RCC_AHB1PeriphResetCmd                   0x08000def   Thumb Code    34  stm32f4xx_rcc.o(.text)
    RCC_AHB2PeriphResetCmd                   0x08000e11   Thumb Code    34  stm32f4xx_rcc.o(.text)
    RCC_AHB3PeriphResetCmd                   0x08000e33   Thumb Code    34  stm32f4xx_rcc.o(.text)
    RCC_APB1PeriphResetCmd                   0x08000e55   Thumb Code    34  stm32f4xx_rcc.o(.text)
    RCC_APB2PeriphResetCmd                   0x08000e77   Thumb Code    34  stm32f4xx_rcc.o(.text)
    RCC_AHB1PeriphClockLPModeCmd             0x08000e99   Thumb Code    34  stm32f4xx_rcc.o(.text)
    RCC_AHB2PeriphClockLPModeCmd             0x08000ebb   Thumb Code    34  stm32f4xx_rcc.o(.text)
    RCC_AHB3PeriphClockLPModeCmd             0x08000edd   Thumb Code    34  stm32f4xx_rcc.o(.text)
    RCC_APB1PeriphClockLPModeCmd             0x08000eff   Thumb Code    34  stm32f4xx_rcc.o(.text)
    RCC_APB2PeriphClockLPModeCmd             0x08000f21   Thumb Code    34  stm32f4xx_rcc.o(.text)
    RCC_LSEModeConfig                        0x08000f43   Thumb Code    40  stm32f4xx_rcc.o(.text)
    RCC_ITConfig                             0x08000f6b   Thumb Code    34  stm32f4xx_rcc.o(.text)
    RCC_ClearFlag                            0x08000f8d   Thumb Code    18  stm32f4xx_rcc.o(.text)
    RCC_GetITStatus                          0x08000f9f   Thumb Code    22  stm32f4xx_rcc.o(.text)
    RCC_ClearITPendingBit                    0x08000fb5   Thumb Code     8  stm32f4xx_rcc.o(.text)
    USART_DeInit                             0x08000fc1   Thumb Code   206  stm32f4xx_usart.o(.text)
    USART_Init                               0x0800108f   Thumb Code   204  stm32f4xx_usart.o(.text)
    USART_StructInit                         0x0800115b   Thumb Code    24  stm32f4xx_usart.o(.text)
    USART_ClockInit                          0x08001173   Thumb Code    32  stm32f4xx_usart.o(.text)
    USART_ClockStructInit                    0x08001193   Thumb Code    12  stm32f4xx_usart.o(.text)
    USART_Cmd                                0x0800119f   Thumb Code    24  stm32f4xx_usart.o(.text)
    USART_SetPrescaler                       0x080011b7   Thumb Code    16  stm32f4xx_usart.o(.text)
    USART_OverSampling8Cmd                   0x080011c7   Thumb Code    22  stm32f4xx_usart.o(.text)
    USART_OneBitMethodCmd                    0x080011dd   Thumb Code    24  stm32f4xx_usart.o(.text)
    USART_SendData                           0x080011f5   Thumb Code     8  stm32f4xx_usart.o(.text)
    USART_ReceiveData                        0x080011fd   Thumb Code    10  stm32f4xx_usart.o(.text)
    USART_SetAddress                         0x08001207   Thumb Code    18  stm32f4xx_usart.o(.text)
    USART_ReceiverWakeUpCmd                  0x08001219   Thumb Code    24  stm32f4xx_usart.o(.text)
    USART_WakeUpConfig                       0x08001231   Thumb Code    18  stm32f4xx_usart.o(.text)
    USART_LINBreakDetectLengthConfig         0x08001243   Thumb Code    18  stm32f4xx_usart.o(.text)
    USART_LINCmd                             0x08001255   Thumb Code    24  stm32f4xx_usart.o(.text)
    USART_SendBreak                          0x0800126d   Thumb Code    10  stm32f4xx_usart.o(.text)
    USART_HalfDuplexCmd                      0x08001277   Thumb Code    24  stm32f4xx_usart.o(.text)
    USART_SetGuardTime                       0x0800128f   Thumb Code    16  stm32f4xx_usart.o(.text)
    USART_SmartCardCmd                       0x0800129f   Thumb Code    24  stm32f4xx_usart.o(.text)
    USART_SmartCardNACKCmd                   0x080012b7   Thumb Code    24  stm32f4xx_usart.o(.text)
    USART_IrDAConfig                         0x080012cf   Thumb Code    18  stm32f4xx_usart.o(.text)
    USART_IrDACmd                            0x080012e1   Thumb Code    24  stm32f4xx_usart.o(.text)
    USART_DMACmd                             0x080012f9   Thumb Code    18  stm32f4xx_usart.o(.text)
    USART_ITConfig                           0x0800130b   Thumb Code    74  stm32f4xx_usart.o(.text)
    USART_GetFlagStatus                      0x08001355   Thumb Code    26  stm32f4xx_usart.o(.text)
    USART_ClearFlag                          0x0800136f   Thumb Code    18  stm32f4xx_usart.o(.text)
    USART_GetITStatus                        0x08001381   Thumb Code   118  stm32f4xx_usart.o(.text)
    USART_ClearITPendingBit                  0x080013f7   Thumb Code    30  stm32f4xx_usart.o(.text)
    delay_osschedlock                        0x08001415   Thumb Code    10  delay.o(.text)
    delay_osschedunlock                      0x0800141f   Thumb Code    10  delay.o(.text)
    delay_ostimedly                          0x08001429   Thumb Code    16  delay.o(.text)
    SysTick_Handler                          0x08001439   Thumb Code    24  delay.o(.text)
    delay_init                               0x08001451   Thumb Code    94  delay.o(.text)
    delay_us                                 0x080014af   Thumb Code    84  delay.o(.text)
    delay_ms                                 0x08001503   Thumb Code    66  delay.o(.text)
    USART6_Init                              0x0800155d   Thumb Code   192  usart.o(.text)
    USART3_Init                              0x0800161d   Thumb Code    22  usart.o(.text)
    USART1_Init                              0x08001633   Thumb Code   192  usart.o(.text)
    InitCom                                  0x080016f3   Thumb Code    40  usart.o(.text)
    SerialSendStart                          0x0800171b   Thumb Code    24  usart.o(.text)
    SerialPutBuffer                          0x08001733   Thumb Code    56  usart.o(.text)
    SerialPutString                          0x0800176b   Thumb Code    28  usart.o(.text)
    SerialHandlerSet                         0x08001787   Thumb Code    36  usart.o(.text)
    USART1_IRQHandler                        0x080017ab   Thumb Code   132  usart.o(.text)
    USART3_IRQHandler                        0x0800182f   Thumb Code   134  usart.o(.text)
    USART6_IRQHandler                        0x080018b5   Thumb Code   132  usart.o(.text)
    _sys_exit                                0x08001939   Thumb Code     6  usart.o(.text)
    fputc                                    0x0800193f   Thumb Code    74  usart.o(.text)
    BSP_CPU_ClkFreq                          0x08001989   Thumb Code    14  bsp.o(.text)
    CPU_TS_TmrInit                           0x08001997   Thumb Code    44  bsp.o(.text)
    CPU_TS_TmrRd                             0x080019c3   Thumb Code     6  bsp.o(.text)
    CPU_TS32_to_uSec                         0x080019c9   Thumb Code    54  bsp.o(.text)
    CPU_NameClr                              0x08001a0d   Thumb Code    42  cpu_core.o(.text)
    CPU_Init                                 0x08001a4d   Thumb Code    12  cpu_core.o(.text)
    CPU_SW_Exception                         0x08001a59   Thumb Code     4  cpu_core.o(.text)
    CPU_NameGet                              0x08001a5d   Thumb Code    70  cpu_core.o(.text)
    CPU_NameSet                              0x08001aa3   Thumb Code    96  cpu_core.o(.text)
    CPU_TS_Get32                             0x08001b03   Thumb Code    12  cpu_core.o(.text)
    CPU_TS_Update                            0x08001b0f   Thumb Code     2  cpu_core.o(.text)
    CPU_TS_TmrFreqGet                        0x08001b11   Thumb Code    30  cpu_core.o(.text)
    CPU_TS_TmrFreqSet                        0x08001b2f   Thumb Code     6  cpu_core.o(.text)
    CPU_CntLeadZeros08                       0x08001b35   Thumb Code    18  cpu_core.o(.text)
    CPU_CntLeadZeros16                       0x08001b47   Thumb Code    18  cpu_core.o(.text)
    CPU_CntLeadZeros32                       0x08001b59   Thumb Code    18  cpu_core.o(.text)
    CPU_CntLeadZeros64                       0x08001b6b   Thumb Code   192  cpu_core.o(.text)
    CPU_CntTrailZeros08                      0x08001c2b   Thumb Code    22  cpu_core.o(.text)
    CPU_CntTrailZeros16                      0x08001c41   Thumb Code    22  cpu_core.o(.text)
    CPU_CntTrailZeros32                      0x08001c57   Thumb Code    22  cpu_core.o(.text)
    CPU_CntTrailZeros64                      0x08001c6d   Thumb Code    62  cpu_core.o(.text)
    CPU_IntDis                               0x08001cb9   Thumb Code     0  cpu_a.o(.text)
    CPU_IntEn                                0x08001cbd   Thumb Code     0  cpu_a.o(.text)
    CPU_SR_Save                              0x08001cc1   Thumb Code     0  cpu_a.o(.text)
    CPU_SR_Restore                           0x08001cc9   Thumb Code     0  cpu_a.o(.text)
    CPU_WaitForInt                           0x08001ccf   Thumb Code     0  cpu_a.o(.text)
    CPU_WaitForExcept                        0x08001cd3   Thumb Code     0  cpu_a.o(.text)
    CPU_CntLeadZeros                         0x08001cd7   Thumb Code     0  cpu_a.o(.text)
    CPU_CntTrailZeros                        0x08001cdd   Thumb Code     0  cpu_a.o(.text)
    CPU_RevBits                              0x08001ce7   Thumb Code     0  cpu_a.o(.text)
    ASCII_IsAlpha                            0x08001ced   Thumb Code    48  lib_ascii.o(.text)
    ASCII_IsAlphaNum                         0x08001d1d   Thumb Code    76  lib_ascii.o(.text)
    ASCII_IsLower                            0x08001d69   Thumb Code    20  lib_ascii.o(.text)
    ASCII_IsUpper                            0x08001d7d   Thumb Code    20  lib_ascii.o(.text)
    ASCII_IsDig                              0x08001d91   Thumb Code    20  lib_ascii.o(.text)
    ASCII_IsDigOct                           0x08001da5   Thumb Code    20  lib_ascii.o(.text)
    ASCII_IsDigHex                           0x08001db9   Thumb Code    36  lib_ascii.o(.text)
    ASCII_IsBlank                            0x08001ddd   Thumb Code    20  lib_ascii.o(.text)
    ASCII_IsSpace                            0x08001df1   Thumb Code    36  lib_ascii.o(.text)
    ASCII_IsPrint                            0x08001e15   Thumb Code    20  lib_ascii.o(.text)
    ASCII_IsGraph                            0x08001e29   Thumb Code    20  lib_ascii.o(.text)
    ASCII_IsPunct                            0x08001e3d   Thumb Code   134  lib_ascii.o(.text)
    ASCII_IsCtrl                             0x08001ec3   Thumb Code    26  lib_ascii.o(.text)
    ASCII_ToLower                            0x08001edd   Thumb Code    32  lib_ascii.o(.text)
    ASCII_ToUpper                            0x08001efd   Thumb Code    32  lib_ascii.o(.text)
    ASCII_Cmp                                0x08001f1d   Thumb Code    38  lib_ascii.o(.text)
    Mem_Init                                 0x08001f45   Thumb Code    54  lib_mem.o(.text)
    Mem_Set                                  0x08001f7b   Thumb Code    84  lib_mem.o(.text)
    Mem_Clr                                  0x08001fcf   Thumb Code    18  lib_mem.o(.text)
    Mem_Move                                 0x08001fe1   Thumb Code   186  lib_mem.o(.text)
    Mem_Cmp                                  0x0800209b   Thumb Code   192  lib_mem.o(.text)
    Mem_HeapAlloc                            0x080021d3   Thumb Code   168  lib_mem.o(.text)
    Mem_SegGetSizeRem                        0x0800227b   Thumb Code   108  lib_mem.o(.text)
    Mem_HeapGetSizeRem                       0x080022e7   Thumb Code    22  lib_mem.o(.text)
    Mem_PoolClr                              0x080022fd   Thumb Code    80  lib_mem.o(.text)
    Mem_PoolCreate                           0x0800234d   Thumb Code   838  lib_mem.o(.text)
    Mem_PoolBlkGetNbrAvail                   0x08002693   Thumb Code    52  lib_mem.o(.text)
    Mem_PoolBlkGet                           0x080026c7   Thumb Code   126  lib_mem.o(.text)
    Mem_PoolBlkGetUsedAtIx                   0x08002745   Thumb Code   140  lib_mem.o(.text)
    Mem_PoolBlkFree                          0x080027d1   Thumb Code   152  lib_mem.o(.text)
    Mem_PoolBlkIxGet                         0x08002869   Thumb Code   162  lib_mem.o(.text)
    Str_Len_N                                0x0800290d   Thumb Code    28  lib_str.o(.text)
    Str_Len                                  0x08002929   Thumb Code    20  lib_str.o(.text)
    Str_Copy_N                               0x0800293d   Thumb Code    70  lib_str.o(.text)
    Str_Copy                                 0x08002983   Thumb Code    24  lib_str.o(.text)
    Str_Cat_N                                0x0800299b   Thumb Code    90  lib_str.o(.text)
    Str_Cat                                  0x080029f5   Thumb Code    24  lib_str.o(.text)
    Str_Cmp_N                                0x08002a0d   Thumb Code   156  lib_str.o(.text)
    Str_Cmp                                  0x08002aa9   Thumb Code    24  lib_str.o(.text)
    Str_CmpIgnoreCase_N                      0x08002ac1   Thumb Code   264  lib_str.o(.text)
    Str_CmpIgnoreCase                        0x08002bc9   Thumb Code    24  lib_str.o(.text)
    Str_Char_N                               0x08002be1   Thumb Code    74  lib_str.o(.text)
    Str_Char                                 0x08002c2b   Thumb Code    24  lib_str.o(.text)
    Str_Char_Last_N                          0x08002c43   Thumb Code    76  lib_str.o(.text)
    Str_Char_Last                            0x08002c8f   Thumb Code    24  lib_str.o(.text)
    Str_Char_Replace_N                       0x08002ca7   Thumb Code    52  lib_str.o(.text)
    Str_Char_Replace                         0x08002cdb   Thumb Code    28  lib_str.o(.text)
    Str_Str_N                                0x08002cf7   Thumb Code   182  lib_str.o(.text)
    Str_Str                                  0x08002dad   Thumb Code    24  lib_str.o(.text)
    Str_FmtNbr_Int32U                        0x08002fa1   Thumb Code    46  lib_str.o(.text)
    Str_FmtNbr_Int32S                        0x08002fcf   Thumb Code    62  lib_str.o(.text)
    Str_ParseNbr_Int32U                      0x080031cb   Thumb Code    30  lib_str.o(.text)
    Str_ParseNbr_Int32S                      0x080031e9   Thumb Code    74  lib_str.o(.text)
    Mem_Copy                                 0x08003239   Thumb Code     0  lib_mem_a.o(.text)
    OSCfg_Init                               0x08003459   Thumb Code    86  os_cfg_app.o(.text)
    OS_IdleTask                              0x08003555   Thumb Code    60  os_core.o(.text)
    OS_IdleTaskInit                          0x08003591   Thumb Code    68  os_core.o(.text)
    OS_RdyListInit                           0x080035d5   Thumb Code    32  os_core.o(.text)
    OSInit                                   0x080035f5   Thumb Code   300  os_core.o(.text)
    OSIntEnter                               0x08003721   Thumb Code    34  os_core.o(.text)
    OSIntExit                                0x08003743   Thumb Code   188  os_core.o(.text)
    OSSched                                  0x080037ff   Thumb Code   130  os_core.o(.text)
    OS_SchedLockTimeMeasStart                0x08003881   Thumb Code    20  os_core.o(.text)
    OSSchedLock                              0x08003895   Thumb Code   104  os_core.o(.text)
    OS_SchedLockTimeMeasStop                 0x080038fd   Thumb Code    44  os_core.o(.text)
    OSSchedUnlock                            0x08003929   Thumb Code   286  os_core.o(.text)
    OSSchedRoundRobinCfg                     0x08003a47   Thumb Code    88  os_core.o(.text)
    OS_RdyListMoveHeadToTail                 0x08003a9f   Thumb Code    68  os_core.o(.text)
    OSSchedRoundRobinYield                   0x08003ae3   Thumb Code   164  os_core.o(.text)
    OSStart                                  0x08003b87   Thumb Code    78  os_core.o(.text)
    OSVersion                                0x08003bd5   Thumb Code    12  os_core.o(.text)
    OS_PendDbgNameAdd                        0x08003be1   Thumb Code    66  os_core.o(.text)
    OS_PendListInsertPrio                    0x08003c23   Thumb Code   102  os_core.o(.text)
    OS_PendDataInit                          0x08003c89   Thumb Code    38  os_core.o(.text)
    OS_RdyListRemove                         0x08003caf   Thumb Code    86  os_core.o(.text)
    OS_TaskBlock                             0x08003d05   Thumb Code    56  os_core.o(.text)
    OS_Pend                                  0x08003d3d   Thumb Code    98  os_core.o(.text)
    OS_PendListRemove1                       0x08003d9f   Thumb Code   136  os_core.o(.text)
    OS_PendListRemove                        0x08003e27   Thumb Code    48  os_core.o(.text)
    OS_PendAbort1                            0x08003e57   Thumb Code    36  os_core.o(.text)
    OS_RdyListInsertHead                     0x08003e7b   Thumb Code    58  os_core.o(.text)
    OS_RdyListInsertTail                     0x08003eb5   Thumb Code    56  os_core.o(.text)
    OS_RdyListInsert                         0x08003eed   Thumb Code    40  os_core.o(.text)
    OS_TaskRdy                               0x08003f15   Thumb Code    28  os_core.o(.text)
    OS_PendAbort                             0x08003f31   Thumb Code   166  os_core.o(.text)
    OS_PendDbgNameRemove                     0x08003fd7   Thumb Code    34  os_core.o(.text)
    OS_PendListChangePrio                    0x08003ff9   Thumb Code    70  os_core.o(.text)
    OS_PendListInit                          0x0800403f   Thumb Code    10  os_core.o(.text)
    OS_PendListInsertHead                    0x08004049   Thumb Code    32  os_core.o(.text)
    OS_PendObjDel1                           0x08004069   Thumb Code    36  os_core.o(.text)
    OS_PendObjDel                            0x0800408d   Thumb Code   162  os_core.o(.text)
    OS_Post1                                 0x0800412f   Thumb Code    42  os_core.o(.text)
    OS_Post                                  0x08004159   Thumb Code   192  os_core.o(.text)
    OS_Sched0                                0x08004219   Thumb Code    68  os_core.o(.text)
    OS_SchedRoundRobin                       0x0800425d   Thumb Code   218  os_core.o(.text)
    OS_Dbg_Init                              0x08004345   Thumb Code   146  os_dbg.o(.text)
    OS_FlagDbgListAdd                        0x080044f5   Thumb Code    38  os_flag.o(.text)
    OSFlagCreate                             0x0800451b   Thumb Code   172  os_flag.o(.text)
    OS_FlagClr                               0x080045c7   Thumb Code    28  os_flag.o(.text)
    OS_FlagDbgListRemove                     0x080045e3   Thumb Code    44  os_flag.o(.text)
    OSFlagDel                                0x0800460f   Thumb Code   594  os_flag.o(.text)
    OS_FlagBlock                             0x08004861   Thumb Code    58  os_flag.o(.text)
    OSFlagPend                               0x0800489b   Thumb Code  1488  os_flag.o(.text)
    OSFlagPendAbort                          0x08004e6b   Thumb Code   292  os_flag.o(.text)
    OSFlagPendGetFlagsRdy                    0x08004f8f   Thumb Code    68  os_flag.o(.text)
    OS_FlagTaskRdy                           0x08004fd3   Thumb Code    86  os_flag.o(.text)
    OS_FlagPost                              0x08005029   Thumb Code   570  os_flag.o(.text)
    OSFlagPost                               0x08005263   Thumb Code   146  os_flag.o(.text)
    OS_FlagInit                              0x080052f5   Thumb Code    14  os_flag.o(.text)
    OS_IntQPost                              0x0800531d   Thumb Code   216  os_int.o(.text)
    OS_IntQRePost                            0x080053f5   Thumb Code   360  os_int.o(.text)
    OS_IntQTask                              0x0800555d   Thumb Code   162  os_int.o(.text)
    OS_IntQTaskInit                          0x080055ff   Thumb Code   208  os_int.o(.text)
    OS_MemDbgListAdd                         0x08005761   Thumb Code    34  os_mem.o(.text)
    OSMemCreate                              0x08005783   Thumb Code   288  os_mem.o(.text)
    OSMemGet                                 0x080058a3   Thumb Code   100  os_mem.o(.text)
    OSMemPut                                 0x08005907   Thumb Code   112  os_mem.o(.text)
    OS_MemInit                               0x08005977   Thumb Code    14  os_mem.o(.text)
    OS_MsgPoolCreate                         0x08005999   Thumb Code    54  os_msg.o(.text)
    OS_MsgPoolInit                           0x080059cf   Thumb Code    70  os_msg.o(.text)
    OS_MsgQFreeAll                           0x08005a15   Thumb Code    62  os_msg.o(.text)
    OS_MsgQInit                              0x08005a53   Thumb Code    14  os_msg.o(.text)
    OS_MsgQGet                               0x08005a61   Thumb Code    98  os_msg.o(.text)
    OS_MsgQPut                               0x08005ac3   Thumb Code   246  os_msg.o(.text)
    OS_MutexDbgListAdd                       0x08005bc5   Thumb Code    38  os_mutex.o(.text)
    OSMutexCreate                            0x08005beb   Thumb Code   178  os_mutex.o(.text)
    OS_MutexClr                              0x08005c9d   Thumb Code    38  os_mutex.o(.text)
    OS_MutexDbgListRemove                    0x08005cc3   Thumb Code    44  os_mutex.o(.text)
    OSMutexDel                               0x08005cef   Thumb Code   842  os_mutex.o(.text)
    OSMutexPend                              0x08006039   Thumb Code   706  os_mutex.o(.text)
    OSMutexPendAbort                         0x080062fb   Thumb Code   314  os_mutex.o(.text)
    OSMutexPost                              0x08006435   Thumb Code   564  os_mutex.o(.text)
    OS_MutexInit                             0x08006669   Thumb Code    14  os_mutex.o(.text)
    OS_PrioInit                              0x08006699   Thumb Code    20  os_prio.o(.text)
    OS_PrioGetHighest                        0x080066ad   Thumb Code    36  os_prio.o(.text)
    OS_PrioInsert                            0x080066d1   Thumb Code    32  os_prio.o(.text)
    OS_PrioRemove                            0x080066f1   Thumb Code    32  os_prio.o(.text)
    OS_QDbgListAdd                           0x08006715   Thumb Code    38  os_q.o(.text)
    OSQCreate                                0x0800673b   Thumb Code   186  os_q.o(.text)
    OS_QClr                                  0x080067f5   Thumb Code    40  os_q.o(.text)
    OS_QDbgListRemove                        0x0800681d   Thumb Code    44  os_q.o(.text)
    OSQDel                                   0x08006849   Thumb Code   362  os_q.o(.text)
    OSQFlush                                 0x080069b3   Thumb Code   210  os_q.o(.text)
    OSQPend                                  0x08006a85   Thumb Code   538  os_q.o(.text)
    OSQPendAbort                             0x08006c9f   Thumb Code   292  os_q.o(.text)
    OS_QPost                                 0x08006dc3   Thumb Code   324  os_q.o(.text)
    OSQPost                                  0x08006f07   Thumb Code   198  os_q.o(.text)
    OS_QInit                                 0x08006fcd   Thumb Code    14  os_q.o(.text)
    OS_SemDbgListAdd                         0x08006fed   Thumb Code    38  os_sem.o(.text)
    OSSemCreate                              0x08007013   Thumb Code   172  os_sem.o(.text)
    OS_SemClr                                0x080070bf   Thumb Code    28  os_sem.o(.text)
    OS_SemDbgListRemove                      0x080070db   Thumb Code    44  os_sem.o(.text)
    OSSemDel                                 0x08007107   Thumb Code   362  os_sem.o(.text)
    OSSemPend                                0x08007271   Thumb Code   504  os_sem.o(.text)
    OSSemPendAbort                           0x08007469   Thumb Code   292  os_sem.o(.text)
    OS_SemPost                               0x0800758d   Thumb Code   350  os_sem.o(.text)
    OSSemPost                                0x080076eb   Thumb Code   144  os_sem.o(.text)
    OSSemSet                                 0x0800777b   Thumb Code   138  os_sem.o(.text)
    OS_SemInit                               0x08007805   Thumb Code    14  os_sem.o(.text)
    OSStatReset                              0x0800781d   Thumb Code   270  os_stat.o(.text)
    OSStatTaskCPUUsageInit                   0x0800792b   Thumb Code   212  os_stat.o(.text)
    OS_StatTask                              0x080079ff   Thumb Code   888  os_stat.o(.text)
    OS_StatTaskInit                          0x08007d77   Thumb Code   138  os_stat.o(.text)
    OSTaskChangePrio                         0x08007e55   Thumb Code   416  os_task.o(.text)
    OS_TaskDbgListAdd                        0x08007ff5   Thumb Code    42  os_task.o(.text)
    OS_TaskInitTCB                           0x0800801f   Thumb Code   186  os_task.o(.text)
    OSTaskCreate                             0x080080d9   Thumb Code   616  os_task.o(.text)
    OS_TaskDbgListRemove                     0x08008341   Thumb Code    64  os_task.o(.text)
    OSTaskDel                                0x08008381   Thumb Code   424  os_task.o(.text)
    OSTaskQFlush                             0x08008529   Thumb Code   214  os_task.o(.text)
    OSTaskQPend                              0x080085ff   Thumb Code   554  os_task.o(.text)
    OSTaskQPendAbort                         0x08008829   Thumb Code   242  os_task.o(.text)
    OS_TaskQPost                             0x0800891b   Thumb Code   526  os_task.o(.text)
    OSTaskQPost                              0x08008b29   Thumb Code   114  os_task.o(.text)
    OSTaskRegGet                             0x08008b9b   Thumb Code    78  os_task.o(.text)
    OSTaskRegGetID                           0x08008be9   Thumb Code    84  os_task.o(.text)
    OSTaskRegSet                             0x08008c3d   Thumb Code    78  os_task.o(.text)
    OS_TaskResume                            0x08008c8b   Thumb Code   314  os_task.o(.text)
    OSTaskResume                             0x08008dc5   Thumb Code   112  os_task.o(.text)
    OSTaskSemPend                            0x08008e35   Thumb Code   550  os_task.o(.text)
    OSTaskSemPendAbort                       0x0800905b   Thumb Code   270  os_task.o(.text)
    OS_TaskSemPost                           0x08009169   Thumb Code  1224  os_task.o(.text)
    OSTaskSemPost                            0x08009631   Thumb Code    98  os_task.o(.text)
    OSTaskSemSet                             0x08009693   Thumb Code    80  os_task.o(.text)
    OSTaskStkChk                             0x080096e3   Thumb Code   224  os_task.o(.text)
    OS_TaskSuspend                           0x080097c3   Thumb Code   328  os_task.o(.text)
    OSTaskSuspend                            0x0800990b   Thumb Code    78  os_task.o(.text)
    OSTaskTimeQuantaSet                      0x08009959   Thumb Code    96  os_task.o(.text)
    OS_TaskInit                              0x080099b9   Thumb Code    18  os_task.o(.text)
    OS_TaskReturn                            0x080099cb   Thumb Code    20  os_task.o(.text)
    OS_TickListRemove                        0x08009a09   Thumb Code    56  os_tick.o(.text)
    OS_TickListUpdate                        0x08009a41   Thumb Code   480  os_tick.o(.text)
    OS_TickTask                              0x08009c21   Thumb Code    38  os_tick.o(.text)
    OS_TickListInit                          0x08009c47   Thumb Code    32  os_tick.o(.text)
    OS_TickTaskInit                          0x08009c67   Thumb Code   130  os_tick.o(.text)
    OS_TickListInsert                        0x08009ce9   Thumb Code   502  os_tick.o(.text)
    OS_TickListResetPeak                     0x08009edf   Thumb Code    28  os_tick.o(.text)
    OSTimeDly                                0x08009f05   Thumb Code   266  os_time.o(.text)
    OSTimeDlyHMSM                            0x0800a00f   Thumb Code   480  os_time.o(.text)
    OSTimeDlyResume                          0x0800a1ef   Thumb Code   466  os_time.o(.text)
    OSTimeGet                                0x0800a3c1   Thumb Code    46  os_time.o(.text)
    OSTimeSet                                0x0800a3ef   Thumb Code    46  os_time.o(.text)
    OSTimeTick                               0x0800a41d   Thumb Code    54  os_time.o(.text)
    OS_TmrDbgListAdd                         0x0800a469   Thumb Code    34  os_tmr.o(.text)
    OSTmrCreate                              0x0800a48b   Thumb Code   248  os_tmr.o(.text)
    OS_TmrClr                                0x0800a583   Thumb Code    36  os_tmr.o(.text)
    OS_TmrUnlink                             0x0800a5a7   Thumb Code    72  os_tmr.o(.text)
    OS_TmrDbgListRemove                      0x0800a5ef   Thumb Code    44  os_tmr.o(.text)
    OSTmrDel                                 0x0800a61b   Thumb Code   176  os_tmr.o(.text)
    OSTmrRemainGet                           0x0800a6cb   Thumb Code   184  os_tmr.o(.text)
    OS_TmrLink                               0x0800a783   Thumb Code   196  os_tmr.o(.text)
    OSTmrStart                               0x0800a847   Thumb Code   210  os_tmr.o(.text)
    OSTmrStateGet                            0x0800a919   Thumb Code   134  os_tmr.o(.text)
    OSTmrStop                                0x0800a99f   Thumb Code   232  os_tmr.o(.text)
    OS_TmrTask                               0x0800aa87   Thumb Code   176  os_tmr.o(.text)
    OS_TmrInit                               0x0800ab37   Thumb Code   208  os_tmr.o(.text)
    OS_TmrResetPeak                          0x0800ac07   Thumb Code    28  os_tmr.o(.text)
    OSIdleTaskHook                           0x0800ac81   Thumb Code    16  os_cpu_c.o(.text)
    OSInitHook                               0x0800ac91   Thumb Code    28  os_cpu_c.o(.text)
    OSStatTaskHook                           0x0800acad   Thumb Code    16  os_cpu_c.o(.text)
    OSTaskCreateHook                         0x0800acbd   Thumb Code    20  os_cpu_c.o(.text)
    OSTaskDelHook                            0x0800acd1   Thumb Code    20  os_cpu_c.o(.text)
    OSTaskReturnHook                         0x0800ace5   Thumb Code    20  os_cpu_c.o(.text)
    OSTaskStkInit                            0x0800acf9   Thumb Code   600  os_cpu_c.o(.text)
    OSTaskSwHook                             0x0800af51   Thumb Code   120  os_cpu_c.o(.text)
    OSTimeTickHook                           0x0800afc9   Thumb Code    16  os_cpu_c.o(.text)
    OS_CPU_SysTickHandler                    0x0800afd9   Thumb Code    52  os_cpu_c.o(.text)
    OS_CPU_SysTickInit                       0x0800b00d   Thumb Code    44  os_cpu_c.o(.text)
    __use_no_semihosting                     0x0800b079   Thumb Code     2  use_no_semi_2.o(.text)
    __aeabi_uldivmod                         0x0800b07b   Thumb Code     0  lludivv7m.o(.text)
    _ll_udiv                                 0x0800b07b   Thumb Code   238  lludivv7m.o(.text)
    strlen                                   0x0800b169   Thumb Code    62  strlen.o(.text)
    __aeabi_memcpy4                          0x0800b1a7   Thumb Code     0  rt_memcpy_w.o(.text)
    __aeabi_memcpy8                          0x0800b1a7   Thumb Code     0  rt_memcpy_w.o(.text)
    __rt_memcpy_w                            0x0800b1a7   Thumb Code   100  rt_memcpy_w.o(.text)
    _memcpy_lastbytes_aligned                0x0800b1ef   Thumb Code     0  rt_memcpy_w.o(.text)
    __use_two_region_memory                  0x0800b20b   Thumb Code     2  heapauxi.o(.text)
    __rt_heap_escrow$2region                 0x0800b20d   Thumb Code     2  heapauxi.o(.text)
    __rt_heap_expand$2region                 0x0800b20f   Thumb Code     2  heapauxi.o(.text)
    __I$use$semihosting                      0x0800b211   Thumb Code     0  use_no_semi.o(.text)
    __use_no_semihosting_swi                 0x0800b211   Thumb Code     2  use_no_semi.o(.text)
    __user_setup_stackheap                   0x0800b213   Thumb Code    74  sys_stackheap_outer.o(.text)
    exit                                     0x0800b25d   Thumb Code    12  exit.o(.text)
    __user_libspace                          0x0800b269   Thumb Code     8  libspace.o(.text)
    __user_perproc_libspace                  0x0800b269   Thumb Code     0  libspace.o(.text)
    __user_perthread_libspace                0x0800b269   Thumb Code     0  libspace.o(.text)
    OSStartHighRdy                           0x0800b271   Thumb Code     0  os_cpu_a.o(CODE)
    OSCtxSw                                  0x0800b293   Thumb Code     0  os_cpu_a.o(CODE)
    OSIntCtxSw                               0x0800b29d   Thumb Code     0  os_cpu_a.o(CODE)
    PendSV_Handler                           0x0800b2a7   Thumb Code     0  os_cpu_a.o(CODE)
    _fp_init                                 0x0800b31d   Thumb Code    10  fpinit.o(x$fpl$fpinit)
    __fplib_config_fpu_vfp                   0x0800b325   Thumb Code     0  fpinit.o(x$fpl$fpinit)
    __fplib_config_pureend_doubles           0x0800b325   Thumb Code     0  fpinit.o(x$fpl$fpinit)
    CPU_EndiannessTest                       0x0800b428   Data           4  cpu_core.o(.constdata)
    OSCfg_IdleTaskStkBasePtr                 0x0800b4c0   Data           4  os_cfg_app.o(.constdata)
    OSCfg_IdleTaskStkLimit                   0x0800b4c4   Data           4  os_cfg_app.o(.constdata)
    OSCfg_IdleTaskStkSize                    0x0800b4c8   Data           4  os_cfg_app.o(.constdata)
    OSCfg_IdleTaskStkSizeRAM                 0x0800b4cc   Data           4  os_cfg_app.o(.constdata)
    OSCfg_IntQBasePtr                        0x0800b4d0   Data           4  os_cfg_app.o(.constdata)
    OSCfg_IntQSize                           0x0800b4d4   Data           2  os_cfg_app.o(.constdata)
    OSCfg_IntQSizeRAM                        0x0800b4d8   Data           4  os_cfg_app.o(.constdata)
    OSCfg_IntQTaskStkBasePtr                 0x0800b4dc   Data           4  os_cfg_app.o(.constdata)
    OSCfg_IntQTaskStkLimit                   0x0800b4e0   Data           4  os_cfg_app.o(.constdata)
    OSCfg_IntQTaskStkSize                    0x0800b4e4   Data           4  os_cfg_app.o(.constdata)
    OSCfg_IntQTaskStkSizeRAM                 0x0800b4e8   Data           4  os_cfg_app.o(.constdata)
    OSCfg_ISRStkBasePtr                      0x0800b4ec   Data           4  os_cfg_app.o(.constdata)
    OSCfg_ISRStkSize                         0x0800b4f0   Data           4  os_cfg_app.o(.constdata)
    OSCfg_ISRStkSizeRAM                      0x0800b4f4   Data           4  os_cfg_app.o(.constdata)
    OSCfg_MsgPoolSize                        0x0800b4f8   Data           2  os_cfg_app.o(.constdata)
    OSCfg_MsgPoolSizeRAM                     0x0800b4fc   Data           4  os_cfg_app.o(.constdata)
    OSCfg_MsgPoolBasePtr                     0x0800b500   Data           4  os_cfg_app.o(.constdata)
    OSCfg_StatTaskPrio                       0x0800b504   Data           1  os_cfg_app.o(.constdata)
    OSCfg_StatTaskRate_Hz                    0x0800b508   Data           4  os_cfg_app.o(.constdata)
    OSCfg_StatTaskStkBasePtr                 0x0800b50c   Data           4  os_cfg_app.o(.constdata)
    OSCfg_StatTaskStkLimit                   0x0800b510   Data           4  os_cfg_app.o(.constdata)
    OSCfg_StatTaskStkSize                    0x0800b514   Data           4  os_cfg_app.o(.constdata)
    OSCfg_StatTaskStkSizeRAM                 0x0800b518   Data           4  os_cfg_app.o(.constdata)
    OSCfg_StkSizeMin                         0x0800b51c   Data           4  os_cfg_app.o(.constdata)
    OSCfg_TickRate_Hz                        0x0800b520   Data           4  os_cfg_app.o(.constdata)
    OSCfg_TickTaskPrio                       0x0800b524   Data           1  os_cfg_app.o(.constdata)
    OSCfg_TickTaskStkBasePtr                 0x0800b528   Data           4  os_cfg_app.o(.constdata)
    OSCfg_TickTaskStkLimit                   0x0800b52c   Data           4  os_cfg_app.o(.constdata)
    OSCfg_TickTaskStkSize                    0x0800b530   Data           4  os_cfg_app.o(.constdata)
    OSCfg_TickTaskStkSizeRAM                 0x0800b534   Data           4  os_cfg_app.o(.constdata)
    OSCfg_TickWheelSize                      0x0800b538   Data           2  os_cfg_app.o(.constdata)
    OSCfg_TickWheelSizeRAM                   0x0800b53c   Data           4  os_cfg_app.o(.constdata)
    OSCfg_TmrTaskPrio                        0x0800b540   Data           1  os_cfg_app.o(.constdata)
    OSCfg_TmrTaskRate_Hz                     0x0800b544   Data           4  os_cfg_app.o(.constdata)
    OSCfg_TmrTaskStkBasePtr                  0x0800b548   Data           4  os_cfg_app.o(.constdata)
    OSCfg_TmrTaskStkLimit                    0x0800b54c   Data           4  os_cfg_app.o(.constdata)
    OSCfg_TmrTaskStkSize                     0x0800b550   Data           4  os_cfg_app.o(.constdata)
    OSCfg_TmrTaskStkSizeRAM                  0x0800b554   Data           4  os_cfg_app.o(.constdata)
    OSCfg_TmrWheelSize                       0x0800b558   Data           2  os_cfg_app.o(.constdata)
    OSCfg_TmrWheelSizeRAM                    0x0800b55c   Data           4  os_cfg_app.o(.constdata)
    OSCfg_DataSizeRAM                        0x0800b560   Data           4  os_cfg_app.o(.constdata)
    OSDbg_DbgEn                              0x0800b564   Data           2  os_dbg.o(.constdata)
    OSDbg_ArgChkEn                           0x0800b566   Data           1  os_dbg.o(.constdata)
    OSDbg_AppHooksEn                         0x0800b567   Data           1  os_dbg.o(.constdata)
    OSDbg_EndiannessTest                     0x0800b568   Data           4  os_dbg.o(.constdata)
    OSDbg_CalledFromISRChkEn                 0x0800b56c   Data           1  os_dbg.o(.constdata)
    OSDbg_FlagEn                             0x0800b56d   Data           1  os_dbg.o(.constdata)
    OSDbg_FlagGrp                            0x0800b570   Data          40  os_dbg.o(.constdata)
    OSDbg_FlagDelEn                          0x0800b598   Data           1  os_dbg.o(.constdata)
    OSDbg_FlagModeClrEn                      0x0800b599   Data           1  os_dbg.o(.constdata)
    OSDbg_FlagPendAbortEn                    0x0800b59a   Data           1  os_dbg.o(.constdata)
    OSDbg_FlagGrpSize                        0x0800b59c   Data           2  os_dbg.o(.constdata)
    OSDbg_FlagWidth                          0x0800b59e   Data           2  os_dbg.o(.constdata)
    OSDbg_IntQ                               0x0800b5a0   Data           2  os_dbg.o(.constdata)
    OSDbg_ISRPostDeferredEn                  0x0800b5a2   Data           1  os_dbg.o(.constdata)
    OSDbg_Mem                                0x0800b5a4   Data          32  os_dbg.o(.constdata)
    OSDbg_MemEn                              0x0800b5c4   Data           1  os_dbg.o(.constdata)
    OSDbg_MemSize                            0x0800b5c6   Data           2  os_dbg.o(.constdata)
    OSDbg_MsgEn                              0x0800b5c8   Data           1  os_dbg.o(.constdata)
    OSDbg_MsgSize                            0x0800b5ca   Data           2  os_dbg.o(.constdata)
    OSDbg_MsgPoolSize                        0x0800b5cc   Data           2  os_dbg.o(.constdata)
    OSDbg_MsgQSize                           0x0800b5ce   Data           2  os_dbg.o(.constdata)
    OSDbg_Mutex                              0x0800b5d0   Data          44  os_dbg.o(.constdata)
    OSDbg_MutexEn                            0x0800b5fc   Data           1  os_dbg.o(.constdata)
    OSDbg_MutexDelEn                         0x0800b5fd   Data           1  os_dbg.o(.constdata)
    OSDbg_MutexPendAbortEn                   0x0800b5fe   Data           1  os_dbg.o(.constdata)
    OSDbg_MutexSize                          0x0800b600   Data           2  os_dbg.o(.constdata)
    OSDbg_ObjTypeChkEn                       0x0800b602   Data           1  os_dbg.o(.constdata)
    OSDbg_PendMultiEn                        0x0800b603   Data           1  os_dbg.o(.constdata)
    OSDbg_PendDataSize                       0x0800b604   Data           2  os_dbg.o(.constdata)
    OSDbg_PendListSize                       0x0800b606   Data           2  os_dbg.o(.constdata)
    OSDbg_PendObjSize                        0x0800b608   Data           2  os_dbg.o(.constdata)
    OSDbg_PrioMax                            0x0800b60a   Data           2  os_dbg.o(.constdata)
    OSDbg_PrioTblSize                        0x0800b60c   Data           2  os_dbg.o(.constdata)
    OSDbg_PtrSize                            0x0800b60e   Data           2  os_dbg.o(.constdata)
    OSDbg_Q                                  0x0800b610   Data          48  os_dbg.o(.constdata)
    OSDbg_QEn                                0x0800b640   Data           1  os_dbg.o(.constdata)
    OSDbg_QDelEn                             0x0800b641   Data           1  os_dbg.o(.constdata)
    OSDbg_QFlushEn                           0x0800b642   Data           1  os_dbg.o(.constdata)
    OSDbg_QPendAbortEn                       0x0800b643   Data           1  os_dbg.o(.constdata)
    OSDbg_QSize                              0x0800b644   Data           2  os_dbg.o(.constdata)
    OSDbg_SchedRoundRobinEn                  0x0800b646   Data           1  os_dbg.o(.constdata)
    OSDbg_Sem                                0x0800b648   Data          40  os_dbg.o(.constdata)
    OSDbg_SemEn                              0x0800b670   Data           1  os_dbg.o(.constdata)
    OSDbg_SemDelEn                           0x0800b671   Data           1  os_dbg.o(.constdata)
    OSDbg_SemPendAbortEn                     0x0800b672   Data           1  os_dbg.o(.constdata)
    OSDbg_SemSetEn                           0x0800b673   Data           1  os_dbg.o(.constdata)
    OSDbg_SemSize                            0x0800b674   Data           2  os_dbg.o(.constdata)
    OSDbg_RdyList                            0x0800b676   Data           2  os_dbg.o(.constdata)
    OSDbg_RdyListSize                        0x0800b678   Data           4  os_dbg.o(.constdata)
    OSDbg_StkWidth                           0x0800b67c   Data           1  os_dbg.o(.constdata)
    OSDbg_StatTaskEn                         0x0800b67d   Data           1  os_dbg.o(.constdata)
    OSDbg_StatTaskStkChkEn                   0x0800b67e   Data           1  os_dbg.o(.constdata)
    OSDbg_TaskChangePrioEn                   0x0800b67f   Data           1  os_dbg.o(.constdata)
    OSDbg_TaskDelEn                          0x0800b680   Data           1  os_dbg.o(.constdata)
    OSDbg_TaskQEn                            0x0800b681   Data           1  os_dbg.o(.constdata)
    OSDbg_TaskQPendAbortEn                   0x0800b682   Data           1  os_dbg.o(.constdata)
    OSDbg_TaskProfileEn                      0x0800b683   Data           1  os_dbg.o(.constdata)
    OSDbg_TaskRegTblSize                     0x0800b684   Data           2  os_dbg.o(.constdata)
    OSDbg_TaskSemPendAbortEn                 0x0800b686   Data           1  os_dbg.o(.constdata)
    OSDbg_TaskSuspendEn                      0x0800b687   Data           1  os_dbg.o(.constdata)
    OSDbg_TCBSize                            0x0800b688   Data           2  os_dbg.o(.constdata)
    OSDbg_TickSpokeSize                      0x0800b68a   Data           2  os_dbg.o(.constdata)
    OSDbg_TimeDlyHMSMEn                      0x0800b68c   Data           1  os_dbg.o(.constdata)
    OSDbg_TimeDlyResumeEn                    0x0800b68d   Data           1  os_dbg.o(.constdata)
    OSDbg_TLS_TblSize                        0x0800b68e   Data           2  os_dbg.o(.constdata)
    OSDbg_Tmr                                0x0800b690   Data          52  os_dbg.o(.constdata)
    OSDbg_TmrEn                              0x0800b6c4   Data           1  os_dbg.o(.constdata)
    OSDbg_TmrDelEn                           0x0800b6c5   Data           1  os_dbg.o(.constdata)
    OSDbg_TmrSize                            0x0800b6c6   Data           2  os_dbg.o(.constdata)
    OSDbg_TmrSpokeSize                       0x0800b6c8   Data           2  os_dbg.o(.constdata)
    OSDbg_VersionNbr                         0x0800b6ca   Data           2  os_dbg.o(.constdata)
    OSDbg_DataSize                           0x0800b6cc   Data           4  os_dbg.o(.constdata)
    Region$$Table$$Base                      0x0800b6d0   Number         0  anon$$obj.o(Region$$Table)
    Region$$Table$$Limit                     0x0800b6f0   Number         0  anon$$obj.o(Region$$Table)
    SystemCoreClock                          0x20000000   Data           4  system_stm32f4xx.o(.data)
    AHBPrescTable                            0x20000004   Data          16  system_stm32f4xx.o(.data)
    __stdout                                 0x20000034   Data           4  usart.o(.data)
    CPU_TS_TmrFreq_Hz                        0x20000038   Data           4  cpu_core.o(.data)
    Mem_PoolTbl                              0x2000003c   Data           4  lib_mem.o(.data)
    OSPrioTbl                                0x20000040   Data           8  os_prio.o(.data)
    OS_AppTaskCreateHookPtr                  0x20000048   Data           4  os_var.o(.data)
    OS_AppTaskDelHookPtr                     0x2000004c   Data           4  os_var.o(.data)
    OS_AppTaskReturnHookPtr                  0x20000050   Data           4  os_var.o(.data)
    OS_AppIdleTaskHookPtr                    0x20000054   Data           4  os_var.o(.data)
    OS_AppStatTaskHookPtr                    0x20000058   Data           4  os_var.o(.data)
    OS_AppTaskSwHookPtr                      0x2000005c   Data           4  os_var.o(.data)
    OS_AppTimeTickHookPtr                    0x20000060   Data           4  os_var.o(.data)
    OSIdleTaskCtr                            0x20000064   Data           4  os_var.o(.data)
    OSIntNestingCtr                          0x20000068   Data           1  os_var.o(.data)
    OSRunning                                0x20000069   Data           1  os_var.o(.data)
    OSIntQInPtr                              0x2000006c   Data           4  os_var.o(.data)
    OSIntQOutPtr                             0x20000070   Data           4  os_var.o(.data)
    OSIntQNbrEntries                         0x20000074   Data           2  os_var.o(.data)
    OSIntQNbrEntriesMax                      0x20000076   Data           2  os_var.o(.data)
    OSIntQOvfCtr                             0x20000078   Data           2  os_var.o(.data)
    OSIntQTaskTimeMax                        0x2000007c   Data           4  os_var.o(.data)
    OSFlagDbgListPtr                         0x20000080   Data           4  os_var.o(.data)
    OSFlagQty                                0x20000084   Data           2  os_var.o(.data)
    OSMemDbgListPtr                          0x20000088   Data           4  os_var.o(.data)
    OSMemQty                                 0x2000008c   Data           2  os_var.o(.data)
    OSMutexDbgListPtr                        0x20000090   Data           4  os_var.o(.data)
    OSMutexQty                               0x20000094   Data           2  os_var.o(.data)
    OSPrioCur                                0x20000096   Data           1  os_var.o(.data)
    OSPrioHighRdy                            0x20000097   Data           1  os_var.o(.data)
    OSPrioSaved                              0x20000098   Data           1  os_var.o(.data)
    OSQDbgListPtr                            0x2000009c   Data           4  os_var.o(.data)
    OSQQty                                   0x200000a0   Data           2  os_var.o(.data)
    OSSchedLockTimeBegin                     0x200000a4   Data           4  os_var.o(.data)
    OSSchedLockTimeMax                       0x200000a8   Data           4  os_var.o(.data)
    OSSchedLockTimeMaxCur                    0x200000ac   Data           4  os_var.o(.data)
    OSSchedLockNestingCtr                    0x200000b0   Data           1  os_var.o(.data)
    OSSchedRoundRobinDfltTimeQuanta          0x200000b4   Data           4  os_var.o(.data)
    OSSchedRoundRobinEn                      0x200000b8   Data           1  os_var.o(.data)
    OSSemDbgListPtr                          0x200000bc   Data           4  os_var.o(.data)
    OSSemQty                                 0x200000c0   Data           2  os_var.o(.data)
    OSStatResetFlag                          0x200000c2   Data           1  os_var.o(.data)
    OSStatTaskCPUUsage                       0x200000c4   Data           2  os_var.o(.data)
    OSStatTaskCPUUsageMax                    0x200000c6   Data           2  os_var.o(.data)
    OSStatTaskCtr                            0x200000c8   Data           4  os_var.o(.data)
    OSStatTaskCtrMax                         0x200000cc   Data           4  os_var.o(.data)
    OSStatTaskCtrRun                         0x200000d0   Data           4  os_var.o(.data)
    OSStatTaskRdy                            0x200000d4   Data           1  os_var.o(.data)
    OSStatTaskTimeMax                        0x200000d8   Data           4  os_var.o(.data)
    OSTaskCtxSwCtr                           0x200000dc   Data           4  os_var.o(.data)
    OSTaskDbgListPtr                         0x200000e0   Data           4  os_var.o(.data)
    OSTaskQty                                0x200000e4   Data           2  os_var.o(.data)
    OSTaskRegNextAvailID                     0x200000e6   Data           1  os_var.o(.data)
    OSTickCtr                                0x200000e8   Data           4  os_var.o(.data)
    OSTickTaskTimeMax                        0x200000ec   Data           4  os_var.o(.data)
    OSTmrDbgListPtr                          0x200000f0   Data           4  os_var.o(.data)
    OSTmrQty                                 0x200000f4   Data           2  os_var.o(.data)
    OSTmrTaskTimeMax                         0x200000f8   Data           4  os_var.o(.data)
    OSTmrTickCtr                             0x200000fc   Data           4  os_var.o(.data)
    OSTmrUpdateCnt                           0x20000100   Data           4  os_var.o(.data)
    OSTmrUpdateCtr                           0x20000104   Data           4  os_var.o(.data)
    OSTCBCurPtr                              0x20000108   Data           4  os_var.o(.data)
    OSTCBHighRdyPtr                          0x2000010c   Data           4  os_var.o(.data)
    OS_CPU_ExceptStkBase                     0x20000110   Data           4  os_cpu_c.o(.data)
    CPU_Name                                 0x20000468   Data          16  cpu_core.o(.bss)
    Mem_PoolHeap                             0x20000478   Data          72  lib_mem.o(.bss)
    Mem_Heap                                 0x200004c0   Data        1024  lib_mem.o(.bss)
    OSCfg_IdleTaskStk                        0x200008c0   Data         512  os_cfg_app.o(.bss)
    OSCfg_IntQ                               0x20000ac0   Data         320  os_cfg_app.o(.bss)
    OSCfg_IntQTaskStk                        0x20000c00   Data         512  os_cfg_app.o(.bss)
    OSCfg_ISRStk                             0x20000e00   Data         512  os_cfg_app.o(.bss)
    OSCfg_MsgPool                            0x20001000   Data        1600  os_cfg_app.o(.bss)
    OSCfg_StatTaskStk                        0x20001640   Data         512  os_cfg_app.o(.bss)
    OSCfg_TickTaskStk                        0x20001840   Data         512  os_cfg_app.o(.bss)
    OSCfg_TickWheel                          0x20001a40   Data         136  os_cfg_app.o(.bss)
    OSCfg_TmrTaskStk                         0x20001ac8   Data         512  os_cfg_app.o(.bss)
    OSCfg_TmrWheel                           0x20001cc8   Data         136  os_cfg_app.o(.bss)
    OSIdleTaskTCB                            0x20001d50   Data         196  os_var.o(.bss)
    OSIntQTaskTCB                            0x20001e14   Data         196  os_var.o(.bss)
    OSMsgPool                                0x20001ed8   Data          12  os_var.o(.bss)
    OSRdyList                                0x20001ee4   Data         768  os_var.o(.bss)
    OSStatTaskTCB                            0x200021e4   Data         196  os_var.o(.bss)
    OSTickTaskTCB                            0x200022a8   Data         196  os_var.o(.bss)
    OSTmrTaskTCB                             0x2000236c   Data         196  os_var.o(.bss)
    __libspace_start                         0x20002430   Data          96  libspace.o(.bss)
    __temporary_stack_top$libspace           0x20002490   Data           0  libspace.o(.bss)



==============================================================================

Memory Map of the image

  Image Entry point : 0x08000189

  Load Region LR_IROM1 (Base: 0x08000000, Size: 0x0000b804, Max: 0x00100000, ABSOLUTE)

    Execution Region ER_IROM1 (Base: 0x08000000, Size: 0x0000b6f0, Max: 0x00100000, ABSOLUTE)

    Base Addr    Size         Type   Attr      Idx    E Section Name        Object

    0x08000000   0x00000188   Data   RO          386    RESET               startup_stm32f40_41xxx.o
    0x08000188   0x00000008   Code   RO         1099  * !!!main             c_w.l(__main.o)
    0x08000190   0x00000034   Code   RO         1261    !!!scatter          c_w.l(__scatter.o)
    0x080001c4   0x0000001a   Code   RO         1263    !!handler_copy      c_w.l(__scatter_copy.o)
    0x080001de   0x00000002   PAD
    0x080001e0   0x0000001c   Code   RO         1265    !!handler_zi        c_w.l(__scatter_zi.o)
    0x080001fc   0x00000002   Code   RO         1138    .ARM.Collect$$libinit$$00000000  c_w.l(libinit.o)
    0x080001fe   0x00000004   Code   RO         1150    .ARM.Collect$$libinit$$00000001  c_w.l(libinit2.o)
    0x08000202   0x00000000   Code   RO         1154    .ARM.Collect$$libinit$$00000008  c_w.l(libinit2.o)
    0x08000202   0x00000000   Code   RO         1156    .ARM.Collect$$libinit$$0000000A  c_w.l(libinit2.o)
    0x08000202   0x00000000   Code   RO         1158    .ARM.Collect$$libinit$$0000000C  c_w.l(libinit2.o)
    0x08000202   0x00000000   Code   RO         1161    .ARM.Collect$$libinit$$0000000F  c_w.l(libinit2.o)
    0x08000202   0x00000000   Code   RO         1163    .ARM.Collect$$libinit$$00000011  c_w.l(libinit2.o)
    0x08000202   0x00000000   Code   RO         1165    .ARM.Collect$$libinit$$00000013  c_w.l(libinit2.o)
    0x08000202   0x00000000   Code   RO         1167    .ARM.Collect$$libinit$$00000015  c_w.l(libinit2.o)
    0x08000202   0x00000000   Code   RO         1169    .ARM.Collect$$libinit$$00000017  c_w.l(libinit2.o)
    0x08000202   0x00000000   Code   RO         1171    .ARM.Collect$$libinit$$00000019  c_w.l(libinit2.o)
    0x08000202   0x00000000   Code   RO         1173    .ARM.Collect$$libinit$$0000001B  c_w.l(libinit2.o)
    0x08000202   0x00000000   Code   RO         1175    .ARM.Collect$$libinit$$0000001D  c_w.l(libinit2.o)
    0x08000202   0x00000000   Code   RO         1177    .ARM.Collect$$libinit$$0000001F  c_w.l(libinit2.o)
    0x08000202   0x00000000   Code   RO         1179    .ARM.Collect$$libinit$$00000021  c_w.l(libinit2.o)
    0x08000202   0x00000000   Code   RO         1181    .ARM.Collect$$libinit$$00000023  c_w.l(libinit2.o)
    0x08000202   0x00000000   Code   RO         1185    .ARM.Collect$$libinit$$0000002A  c_w.l(libinit2.o)
    0x08000202   0x00000000   Code   RO         1187    .ARM.Collect$$libinit$$0000002C  c_w.l(libinit2.o)
    0x08000202   0x00000000   Code   RO         1189    .ARM.Collect$$libinit$$0000002E  c_w.l(libinit2.o)
    0x08000202   0x00000000   Code   RO         1191    .ARM.Collect$$libinit$$00000030  c_w.l(libinit2.o)
    0x08000202   0x00000002   Code   RO         1192    .ARM.Collect$$libinit$$00000031  c_w.l(libinit2.o)
    0x08000204   0x00000002   Code   RO         1218    .ARM.Collect$$libshutdown$$00000000  c_w.l(libshutdown.o)
    0x08000206   0x00000000   Code   RO         1246    .ARM.Collect$$libshutdown$$00000003  c_w.l(libshutdown2.o)
    0x08000206   0x00000000   Code   RO         1249    .ARM.Collect$$libshutdown$$00000006  c_w.l(libshutdown2.o)
    0x08000206   0x00000000   Code   RO         1252    .ARM.Collect$$libshutdown$$00000009  c_w.l(libshutdown2.o)
    0x08000206   0x00000000   Code   RO         1254    .ARM.Collect$$libshutdown$$0000000B  c_w.l(libshutdown2.o)
    0x08000206   0x00000000   Code   RO         1257    .ARM.Collect$$libshutdown$$0000000E  c_w.l(libshutdown2.o)
    0x08000206   0x00000002   Code   RO         1258    .ARM.Collect$$libshutdown$$0000000F  c_w.l(libshutdown2.o)
    0x08000208   0x00000000   Code   RO         1103    .ARM.Collect$$rtentry$$00000000  c_w.l(rtentry.o)
    0x08000208   0x00000000   Code   RO         1109    .ARM.Collect$$rtentry$$00000002  c_w.l(rtentry2.o)
    0x08000208   0x00000006   Code   RO         1121    .ARM.Collect$$rtentry$$00000004  c_w.l(rtentry4.o)
    0x0800020e   0x00000000   Code   RO         1111    .ARM.Collect$$rtentry$$00000009  c_w.l(rtentry2.o)
    0x0800020e   0x00000004   Code   RO         1112    .ARM.Collect$$rtentry$$0000000A  c_w.l(rtentry2.o)
    0x08000212   0x00000000   Code   RO         1114    .ARM.Collect$$rtentry$$0000000C  c_w.l(rtentry2.o)
    0x08000212   0x00000008   Code   RO         1115    .ARM.Collect$$rtentry$$0000000D  c_w.l(rtentry2.o)
    0x0800021a   0x00000002   Code   RO         1142    .ARM.Collect$$rtexit$$00000000  c_w.l(rtexit.o)
    0x0800021c   0x00000000   Code   RO         1194    .ARM.Collect$$rtexit$$00000002  c_w.l(rtexit2.o)
    0x0800021c   0x00000004   Code   RO         1195    .ARM.Collect$$rtexit$$00000003  c_w.l(rtexit2.o)
    0x08000220   0x00000006   Code   RO         1196    .ARM.Collect$$rtexit$$00000004  c_w.l(rtexit2.o)
    0x08000226   0x00000016   Code   RO            3    .text               stm32f4xx_it.o
    0x0800023c   0x00000210   Code   RO          133    .text               system_stm32f4xx.o
    0x0800044c   0x0000004c   Code   RO          159    .text               main.o
    0x08000498   0x00000118   Code   RO          369    .text               buffer.o
    0x080005b0   0x00000040   Code   RO          387    .text               startup_stm32f40_41xxx.o
    0x080005f0   0x000000e0   Code   RO          393    .text               misc.o
    0x080006d0   0x00000294   Code   RO          439    .text               stm32f4xx_gpio.o
    0x08000964   0x0000065c   Code   RO          459    .text               stm32f4xx_rcc.o
    0x08000fc0   0x00000454   Code   RO          501    .text               stm32f4xx_usart.o
    0x08001414   0x00000148   Code   RO          521    .text               delay.o
    0x0800155c   0x0000042c   Code   RO          642    .text               usart.o
    0x08001988   0x00000084   Code   RO          676    .text               bsp.o
    0x08001a0c   0x000002ac   Code   RO          709    .text               cpu_core.o
    0x08001cb8   0x00000034   Code   RO          735    .text               cpu_a.o
    0x08001cec   0x00000256   Code   RO          738    .text               lib_ascii.o
    0x08001f42   0x00000002   PAD
    0x08001f44   0x000009c6   Code   RO          771    .text               lib_mem.o
    0x0800290a   0x00000002   PAD
    0x0800290c   0x0000092c   Code   RO          790    .text               lib_str.o
    0x08003238   0x00000220   Code   RO          807    .text               lib_mem_a.o
    0x08003458   0x000000fc   Code   RO          810    .text               os_cfg_app.o
    0x08003554   0x00000df0   Code   RO          833    .text               os_core.o
    0x08004344   0x000001b0   Code   RO          845    .text               os_dbg.o
    0x080044f4   0x00000e28   Code   RO          860    .text               os_flag.o
    0x0800531c   0x00000444   Code   RO          872    .text               os_int.o
    0x08005760   0x00000238   Code   RO          884    .text               os_mem.o
    0x08005998   0x0000022c   Code   RO          896    .text               os_msg.o
    0x08005bc4   0x00000ad4   Code   RO          908    .text               os_mutex.o
    0x08006698   0x0000007c   Code   RO          926    .text               os_prio.o
    0x08006714   0x000008d8   Code   RO          945    .text               os_q.o
    0x08006fec   0x00000830   Code   RO          957    .text               os_sem.o
    0x0800781c   0x00000638   Code   RO          969    .text               os_stat.o
    0x08007e54   0x00001bb4   Code   RO          981    .text               os_task.o
    0x08009a08   0x000004fc   Code   RO          993    .text               os_tick.o
    0x08009f04   0x00000564   Code   RO         1005    .text               os_time.o
    0x0800a468   0x00000818   Code   RO         1017    .text               os_tmr.o
    0x0800ac80   0x000003f8   Code   RO         1045    .text               os_cpu_c.o
    0x0800b078   0x00000002   Code   RO         1089    .text               c_w.l(use_no_semi_2.o)
    0x0800b07a   0x000000ee   Code   RO         1091    .text               c_w.l(lludivv7m.o)
    0x0800b168   0x0000003e   Code   RO         1093    .text               c_w.l(strlen.o)
    0x0800b1a6   0x00000064   Code   RO         1095    .text               c_w.l(rt_memcpy_w.o)
    0x0800b20a   0x00000006   Code   RO         1097    .text               c_w.l(heapauxi.o)
    0x0800b210   0x00000002   Code   RO         1101    .text               c_w.l(use_no_semi.o)
    0x0800b212   0x0000004a   Code   RO         1125    .text               c_w.l(sys_stackheap_outer.o)
    0x0800b25c   0x0000000c   Code   RO         1127    .text               c_w.l(exit.o)
    0x0800b268   0x00000008   Code   RO         1139    .text               c_w.l(libspace.o)
    0x0800b270   0x000000ac   Code   RO         1069    CODE                os_cpu_a.o
    0x0800b31c   0x0000000a   Code   RO         1206    x$fpl$fpinit        fz_wm.l(fpinit.o)
    0x0800b326   0x00000002   PAD
    0x0800b328   0x00000104   Data   RO          711    .constdata          cpu_core.o
    0x0800b42c   0x00000094   Data   RO          791    .constdata          lib_str.o
    0x0800b4c0   0x000000a4   Data   RO          812    .constdata          os_cfg_app.o
    0x0800b564   0x0000016c   Data   RO          846    .constdata          os_dbg.o
    0x0800b6d0   0x00000020   Data   RO         1259    Region$$Table       anon$$obj.o


    Execution Region RW_IRAM1 (Base: 0x20000000, Size: 0x00002a90, Max: 0x00020000, ABSOLUTE)

    Base Addr    Size         Type   Attr      Idx    E Section Name        Object

    0x20000000   0x00000014   Data   RW          134    .data               system_stm32f4xx.o
    0x20000014   0x00000010   Data   RW          460    .data               stm32f4xx_rcc.o
    0x20000024   0x00000004   Data   RW          522    .data               delay.o
    0x20000028   0x00000010   Data   RW          644    .data               usart.o
    0x20000038   0x00000004   Data   RW          712    .data               cpu_core.o
    0x2000003c   0x00000004   Data   RW          773    .data               lib_mem.o
    0x20000040   0x00000008   Data   RW          927    .data               os_prio.o
    0x20000048   0x000000c8   Data   RW         1030    .data               os_var.o
    0x20000110   0x00000004   Data   RW         1046    .data               os_cpu_c.o
    0x20000114   0x00000354   Zero   RW          643    .bss                usart.o
    0x20000468   0x00000010   Zero   RW          710    .bss                cpu_core.o
    0x20000478   0x00000448   Zero   RW          772    .bss                lib_mem.o
    0x200008c0   0x00001490   Zero   RW          811    .bss                os_cfg_app.o
    0x20001d50   0x000006e0   Zero   RW         1029    .bss                os_var.o
    0x20002430   0x00000060   Zero   RW         1140    .bss                c_w.l(libspace.o)
    0x20002490   0x00000200   Zero   RW          385    HEAP                startup_stm32f40_41xxx.o
    0x20002690   0x00000400   Zero   RW          384    STACK               startup_stm32f40_41xxx.o


==============================================================================

Image component sizes


      Code (inc. data)   RO Data    RW Data    ZI Data      Debug   Object Name

       132         14          0          0          0       1179   bsp.o
       280          0          0          0          0       2960   buffer.o
        52          0          0          0          0        304   cpu_a.o
       684         14        260          4         16      14483   cpu_core.o
       328         24          0          4          0      40961   delay.o
       598          0          0          0          0       3756   lib_ascii.o
      2502         32          0          4       1096      21792   lib_mem.o
       544          0          0          0          0        452   lib_mem_a.o
      2348          6        148          0          0      13098   lib_str.o
        76         32          0          0          0       3575   main.o
       224         20          0          0          0     231077   misc.o
       252        166        164          0       5264      20802   os_cfg_app.o
      3568        284          0          0          0      12153   os_core.o
       172         32          0          0          0        372   os_cpu_a.o
      1016         64          0          4          0       3921   os_cpu_c.o
       432        286        364          0          0       4689   os_dbg.o
      3624        110          0          0          0       7867   os_flag.o
      1092        146          0          0          0       2244   os_int.o
       568         20          0          0          0       2740   os_mem.o
       556         12          0          0          0       2751   os_msg.o
      2772        114          0          0          0       5558   os_mutex.o
       124          4          0          8          0       1832   os_prio.o
      2264         76          0          0          0       6236   os_q.o
      2096         70          0          0          0       6252   os_sem.o
      1592        180          0          0          0       2745   os_stat.o
      7092        270          0          0          0      13614   os_task.o
      1276         90          0          0          0       3349   os_tick.o
      1380         46          0          0          0       3141   os_time.o
      2072        140          0          0          0       6438   os_tmr.o
         0          0          0        200       1760      19285   os_var.o
        64         26        392          0       1536        812   startup_stm32f40_41xxx.o
       660         44          0          0          0       4181   stm32f4xx_gpio.o
        22          0          0          0          0      33595   stm32f4xx_it.o
      1628         52          0         16          0      12972   stm32f4xx_rcc.o
      1108         34          0          0          0       7884   stm32f4xx_usart.o
       528         46          0         20          0       1707   system_stm32f4xx.o
      1068         52          0         16        852       6435   usart.o

    ----------------------------------------------------------------------
     44798       2506       1360        276      10524     527212   Object Totals
         0          0         32          0          0          0   (incl. Generated)
         4          0          0          0          0          0   (incl. Padding)

    ----------------------------------------------------------------------

      Code (inc. data)   RO Data    RW Data    ZI Data      Debug   Library Member Name

         8          0          0          0          0         68   __main.o
        52          8          0          0          0          0   __scatter.o
        26          0          0          0          0          0   __scatter_copy.o
        28          0          0          0          0          0   __scatter_zi.o
        12          0          0          0          0         72   exit.o
         6          0          0          0          0        152   heapauxi.o
         2          0          0          0          0          0   libinit.o
         6          0          0          0          0          0   libinit2.o
         2          0          0          0          0          0   libshutdown.o
         2          0          0          0          0          0   libshutdown2.o
         8          4          0          0         96         68   libspace.o
       238          0          0          0          0        100   lludivv7m.o
       100          0          0          0          0         80   rt_memcpy_w.o
         0          0          0          0          0          0   rtentry.o
        12          0          0          0          0          0   rtentry2.o
         6          0          0          0          0          0   rtentry4.o
         2          0          0          0          0          0   rtexit.o
        10          0          0          0          0          0   rtexit2.o
        62          0          0          0          0         76   strlen.o
        74          0          0          0          0         80   sys_stackheap_outer.o
         2          0          0          0          0         68   use_no_semi.o
         2          0          0          0          0         68   use_no_semi_2.o
        10          0          0          0          0        116   fpinit.o

    ----------------------------------------------------------------------
       674         12          0          0         96        948   Library Totals
         4          0          0          0          0          0   (incl. Padding)

    ----------------------------------------------------------------------

      Code (inc. data)   RO Data    RW Data    ZI Data      Debug   Library Name

       660         12          0          0         96        832   c_w.l
        10          0          0          0          0        116   fz_wm.l

    ----------------------------------------------------------------------
       674         12          0          0         96        948   Library Totals

    ----------------------------------------------------------------------

==============================================================================


      Code (inc. data)   RO Data    RW Data    ZI Data      Debug   

     45472       2518       1360        276      10620     519848   Grand Totals
     45472       2518       1360        276      10620     519848   ELF Image Totals
     45472       2518       1360        276          0          0   ROM Totals

==============================================================================

    Total RO  Size (Code + RO Data)                46832 (  45.73kB)
    Total RW  Size (RW Data + ZI Data)             10896 (  10.64kB)
    Total ROM Size (Code + RO Data + RW Data)      47108 (  46.00kB)

==============================================================================

